2025-10-12 18:01:57,204 - RouterVectorize_控烟_2025-10-12 - INFO - [RouterVectorize] 开始向量化 - 主题: 控烟
2025-10-12 18:01:57,220 - success - INFO - 暂无新文档需要处理
2025-10-12 18:01:57,225 - success - INFO - 暂无新文档需要提取时间
2025-10-12 18:01:57,232 - success - INFO - 暂无新文档需要提取实体关系
2025-10-12 18:01:57,232 - error - ERROR - 处理失败: [Errno 2] No such file or directory: 'D:\\PythonProject\\OpinionSystem\\src\\utils\\rag\\ragrouter\\控烟数据库\\normal_db\\sentence_db\\sentences.json'
2025-10-12 18:01:57,235 - error - ERROR - 处理失败: [Errno 2] No such file or directory: 'D:\\PythonProject\\OpinionSystem\\src\\utils\\rag\\ragrouter\\控烟数据库\\normal_db\\sentence_db\\sentences.json'
2025-10-12 18:02:24,396 - RouterVectorize_控烟_2025-10-12 - INFO - [RouterVectorize] 开始向量化 - 主题: 控烟
2025-10-12 18:02:24,405 - success - INFO - 新增待处理文档:共 8 项
2025-10-12 18:02:24,413 - success - INFO - 文档命名：doc1-2024十大控烟事件 | 文本块:共18份 | 长度:1855字
2025-10-12 18:02:24,421 - success - INFO - 文档命名：doc2-2024年上半年控烟舆情报告 | 文本块:共15份 | 长度:5278字
2025-10-12 18:02:24,426 - success - INFO - 文档命名：doc3-2024年控烟舆情监测年度报告 | 文本块:共25份 | 长度:10781字
2025-10-12 18:02:24,431 - success - INFO - 文档命名：doc4-2024年烟卡舆情专题分析报告 | 文本块:共26份 | 长度:7494字
2025-10-12 18:02:24,433 - success - INFO - 文档命名：doc5-2024年第四季度控烟舆情报告 | 文本块:共7份 | 长度:8797字
2025-10-12 18:02:24,436 - success - INFO - 文档命名：doc6-2024第三季度控烟舆情监测报告 | 文本块:共6份 | 长度:6057字
2025-10-12 18:02:24,439 - success - INFO - 文档命名：doc7-20250922鲁迅夹烟墙画被投诉事件舆情分析报告 | 文本块:共12份 | 长度:5273字
2025-10-12 18:02:24,445 - success - INFO - 文档命名：doc8-青少年控烟专题分析报告 | 文本块:共32份 | 长度:16086字
2025-10-12 18:02:25,041 - success - INFO - 时间标签提取完成：未知
2025-10-12 18:02:25,139 - success - INFO - 时间标签提取完成：2024年第三季度
2025-10-12 18:02:25,150 - success - INFO - 时间标签提取完成：2024年
2025-10-12 18:02:25,157 - success - INFO - 时间标签提取完成：2024年第四季度
2025-10-12 18:02:25,246 - success - INFO - 时间标签提取完成：2024年
2025-10-12 18:02:25,387 - success - INFO - 时间标签提取完成：- 2025年9月22日
2025-10-12 18:02:25,543 - success - INFO - 时间标签提取完成：2024年
2025-10-12 18:02:25,707 - success - INFO - 时间标签提取完成：2024年上半年
2025-10-12 18:02:28,241 - success - INFO - 实体识别结果：text73-2实体 | TAG标签已生成 | 当前进度[1/141]
2025-10-12 18:02:30,714 - success - INFO - 实体识别结果：text77-3实体 | TAG标签已生成 | 当前进度[2/141]
2025-10-12 18:02:31,607 - success - INFO - 实体识别结果：text70-4实体 | TAG标签已生成 | 当前进度[3/141]
2025-10-12 18:02:33,491 - success - INFO - 实体识别结果：text12-10实体 | TAG标签已生成 | 当前进度[4/141]
2025-10-12 18:02:33,568 - success - INFO - 实体识别结果：text2-8实体 | TAG标签已生成 | 当前进度[5/141]
2025-10-12 18:02:34,288 - success - INFO - 实体识别结果：text16-8实体 | TAG标签已生成 | 当前进度[6/141]
2025-10-12 18:02:34,559 - success - INFO - 实体识别结果：text59-8实体 | TAG标签已生成 | 当前进度[7/141]
2025-10-12 18:02:34,642 - success - INFO - 实体识别结果：text103-9实体 | TAG标签已生成 | 当前进度[8/141]
2025-10-12 18:02:34,711 - success - INFO - 实体识别结果：text3-10实体 | TAG标签已生成 | 当前进度[9/141]
2025-10-12 18:02:34,744 - success - INFO - 实体识别结果：text72-8实体 | TAG标签已生成 | 当前进度[10/141]
2025-10-12 18:02:34,761 - success - INFO - 实体识别结果：text80-6实体 | TAG标签已生成 | 当前进度[11/141]
2025-10-12 18:02:35,222 - success - INFO - 实体识别结果：text10-10实体 | TAG标签已生成 | 当前进度[12/141]
2025-10-12 18:02:35,982 - success - INFO - 实体识别结果：text1-11实体 | TAG标签已生成 | 当前进度[13/141]
2025-10-12 18:02:36,348 - success - INFO - 实体识别结果：text18-9实体 | TAG标签已生成 | 当前进度[14/141]
2025-10-12 18:02:36,911 - success - INFO - 实体识别结果：text8-11实体 | TAG标签已生成 | 当前进度[15/141]
2025-10-12 18:02:36,968 - success - INFO - 实体识别结果：text15-11实体 | TAG标签已生成 | 当前进度[16/141]
2025-10-12 18:02:37,018 - success - INFO - 实体识别结果：text9-11实体 | TAG标签已生成 | 当前进度[17/141]
2025-10-12 18:02:37,143 - success - INFO - 实体识别结果：text6-9实体 | TAG标签已生成 | 当前进度[18/141]
2025-10-12 18:02:38,775 - success - INFO - 实体识别结果：text99-12实体 | TAG标签已生成 | 当前进度[19/141]
2025-10-12 18:02:39,066 - success - INFO - 实体识别结果：text7-11实体 | TAG标签已生成 | 当前进度[20/141]
2025-10-12 18:02:39,145 - success - INFO - 实体识别结果：text107-10实体 | TAG标签已生成 | 当前进度[21/141]
2025-10-12 18:02:40,041 - success - INFO - 实体识别结果：text13-13实体 | TAG标签已生成 | 当前进度[22/141]
2025-10-12 18:02:40,190 - success - INFO - 实体识别结果：text17-11实体 | TAG标签已生成 | 当前进度[23/141]
2025-10-12 18:02:40,505 - success - INFO - 实体识别结果：text98-11实体 | TAG标签已生成 | 当前进度[24/141]
2025-10-12 18:02:40,978 - success - INFO - 实体识别结果：text79-11实体 | TAG标签已生成 | 当前进度[25/141]
2025-10-12 18:02:43,211 - success - INFO - 实体识别结果：text104-12实体 | TAG标签已生成 | 当前进度[26/141]
2025-10-12 18:02:43,448 - success - INFO - 实体识别结果：text71-18实体 | TAG标签已生成 | 当前进度[27/141]
2025-10-12 18:02:43,742 - success - INFO - 实体识别结果：text4-13实体 | TAG标签已生成 | 当前进度[28/141]
2025-10-12 18:02:44,044 - success - INFO - 实体识别结果：text14-19实体 | TAG标签已生成 | 当前进度[29/141]
2025-10-12 18:02:44,321 - success - INFO - 实体识别结果：text5-13实体 | TAG标签已生成 | 当前进度[30/141]
2025-10-12 18:02:44,376 - success - INFO - 实体识别结果：text102-12实体 | TAG标签已生成 | 当前进度[31/141]
2025-10-12 18:02:44,978 - success - INFO - 实体识别结果：text81-13实体 | TAG标签已生成 | 当前进度[32/141]
2025-10-12 18:02:45,801 - success - INFO - 实体识别结果：text68-18实体 | TAG标签已生成 | 当前进度[33/141]
2025-10-12 18:02:46,040 - success - INFO - 实体识别结果：text11-16实体 | TAG标签已生成 | 当前进度[34/141]
2025-10-12 18:02:46,268 - success - INFO - 实体识别结果：text101-19实体 | TAG标签已生成 | 当前进度[35/141]
2025-10-12 18:02:46,288 - success - INFO - 实体识别结果：text83-19实体 | TAG标签已生成 | 当前进度[36/141]
2025-10-12 18:02:46,448 - success - INFO - 实体识别结果：text109-18实体 | TAG标签已生成 | 当前进度[37/141]
2025-10-12 18:02:46,545 - success - INFO - 实体识别结果：text78-15实体 | TAG标签已生成 | 当前进度[38/141]
2025-10-12 18:02:46,992 - success - INFO - 实体识别结果：text82-16实体 | TAG标签已生成 | 当前进度[39/141]
2025-10-12 18:02:47,418 - success - INFO - 实体识别结果：text60-13实体 | TAG标签已生成 | 当前进度[40/141]
2025-10-12 18:02:48,175 - success - INFO - 实体识别结果：text76-20实体 | TAG标签已生成 | 当前进度[41/141]
2025-10-12 18:02:48,293 - success - INFO - 实体识别结果：text75-15实体 | TAG标签已生成 | 当前进度[42/141]
2025-10-12 18:02:49,926 - success - INFO - 实体识别结果：text61-18实体 | TAG标签已生成 | 当前进度[43/141]
2025-10-12 18:02:50,957 - success - INFO - 实体识别结果：text84-16实体 | TAG标签已生成 | 当前进度[44/141]
2025-10-12 18:02:52,681 - success - INFO - 实体识别结果：text69-20实体 | TAG标签已生成 | 当前进度[45/141]
2025-10-12 18:02:55,137 - success - INFO - 实体识别结果：text106-27实体 | TAG标签已生成 | 当前进度[46/141]
2025-10-12 18:02:59,547 - success - INFO - 实体识别结果：text105-26实体 | TAG标签已生成 | 当前进度[47/141]
2025-10-12 18:03:00,012 - success - INFO - 实体识别结果：text74-26实体 | TAG标签已生成 | 当前进度[48/141]
2025-10-12 18:03:01,048 - success - INFO - 实体识别结果：text100-28实体 | TAG标签已生成 | 当前进度[49/141]
2025-10-12 18:03:13,569 - success - INFO - 实体识别结果：text108-32实体 | TAG标签已生成 | 当前进度[50/141]
2025-10-12 18:03:21,560 - success - INFO - 实体识别结果：text27-9实体 | TAG标签已生成 | 当前进度[51/141]
2025-10-12 18:03:21,585 - success - INFO - 实体识别结果：text28-6实体 | TAG标签已生成 | 当前进度[52/141]
2025-10-12 18:03:21,896 - success - INFO - 实体识别结果：text22-7实体 | TAG标签已生成 | 当前进度[53/141]
2025-10-12 18:03:22,409 - success - INFO - 实体识别结果：text52-7实体 | TAG标签已生成 | 当前进度[54/141]
2025-10-12 18:03:24,747 - success - INFO - 实体识别结果：text23-8实体 | TAG标签已生成 | 当前进度[55/141]
2025-10-12 18:03:25,112 - success - INFO - 实体识别结果：text20-11实体 | TAG标签已生成 | 当前进度[56/141]
2025-10-12 18:03:25,714 - success - INFO - 实体识别结果：text64-12实体 | TAG标签已生成 | 当前进度[57/141]
2025-10-12 18:03:25,881 - success - INFO - 实体识别结果：text45-11实体 | TAG标签已生成 | 当前进度[58/141]
2025-10-12 18:03:28,818 - success - INFO - 实体识别结果：text95-14实体 | TAG标签已生成 | 当前进度[59/141]
2025-10-12 18:03:28,914 - success - INFO - 实体识别结果：text24-11实体 | TAG标签已生成 | 当前进度[60/141]
2025-10-12 18:03:28,944 - success - INFO - 实体识别结果：text33-10实体 | TAG标签已生成 | 当前进度[61/141]
2025-10-12 18:03:29,148 - success - INFO - 实体识别结果：text47-13实体 | TAG标签已生成 | 当前进度[62/141]
2025-10-12 18:03:29,642 - success - INFO - 实体识别结果：text53-13实体 | TAG标签已生成 | 当前进度[63/141]
2025-10-12 18:03:29,843 - success - INFO - 实体识别结果：text63-14实体 | TAG标签已生成 | 当前进度[64/141]
2025-10-12 18:03:30,048 - success - INFO - 实体识别结果：text19-10实体 | TAG标签已生成 | 当前进度[65/141]
2025-10-12 18:03:31,063 - success - INFO - 实体识别结果：text32-12实体 | TAG标签已生成 | 当前进度[66/141]
2025-10-12 18:03:31,119 - success - INFO - 实体识别结果：text46-15实体 | TAG标签已生成 | 当前进度[67/141]
2025-10-12 18:03:33,146 - success - INFO - 实体识别结果：text67-17实体 | TAG标签已生成 | 当前进度[68/141]
2025-10-12 18:03:35,563 - success - INFO - 实体识别结果：text65-11实体 | TAG标签已生成 | 当前进度[69/141]
2025-10-12 18:03:35,786 - success - INFO - 实体识别结果：text89-20实体 | TAG标签已生成 | 当前进度[70/141]
2025-10-12 18:03:36,643 - success - INFO - 实体识别结果：text30-14实体 | TAG标签已生成 | 当前进度[71/141]
2025-10-12 18:03:37,129 - success - INFO - 实体识别结果：text29-13实体 | TAG标签已生成 | 当前进度[72/141]
2025-10-12 18:03:37,495 - success - INFO - 实体识别结果：text92-18实体 | TAG标签已生成 | 当前进度[73/141]
2025-10-12 18:03:37,784 - success - INFO - 实体识别结果：text62-18实体 | TAG标签已生成 | 当前进度[74/141]
2025-10-12 18:03:38,451 - success - INFO - 实体识别结果：text43-23实体 | TAG标签已生成 | 当前进度[75/141]
2025-10-12 18:03:39,170 - success - INFO - 实体识别结果：text49-21实体 | TAG标签已生成 | 当前进度[76/141]
2025-10-12 18:03:41,466 - success - INFO - 实体识别结果：text34-20实体 | TAG标签已生成 | 当前进度[77/141]
2025-10-12 18:03:43,177 - success - INFO - 实体识别结果：text31-27实体 | TAG标签已生成 | 当前进度[78/141]
2025-10-12 18:03:44,068 - success - INFO - 实体识别结果：text26-26实体 | TAG标签已生成 | 当前进度[79/141]
2025-10-12 18:03:46,474 - success - INFO - 实体识别结果：text54-21实体 | TAG标签已生成 | 当前进度[80/141]
2025-10-12 18:03:47,415 - success - INFO - 实体识别结果：text35-30实体 | TAG标签已生成 | 当前进度[81/141]
2025-10-12 18:03:50,284 - success - INFO - 实体识别结果：text44-28实体 | TAG标签已生成 | 当前进度[82/141]
2025-10-12 18:03:50,851 - success - INFO - 实体识别结果：text93-39实体 | TAG标签已生成 | 当前进度[83/141]
2025-10-12 18:03:50,944 - success - INFO - 实体识别结果：text91-36实体 | TAG标签已生成 | 当前进度[84/141]
2025-10-12 18:03:51,102 - success - INFO - 实体识别结果：text51-28实体 | TAG标签已生成 | 当前进度[85/141]
2025-10-12 18:03:53,505 - success - INFO - 实体识别结果：text50-25实体 | TAG标签已生成 | 当前进度[86/141]
2025-10-12 18:03:56,557 - success - INFO - 实体识别结果：text88-41实体 | TAG标签已生成 | 当前进度[87/141]
2025-10-12 18:03:56,601 - success - INFO - 实体识别结果：text90-38实体 | TAG标签已生成 | 当前进度[88/141]
2025-10-12 18:03:57,161 - success - INFO - 实体识别结果：text87-41实体 | TAG标签已生成 | 当前进度[89/141]
2025-10-12 18:03:58,462 - success - INFO - 实体识别结果：text48-35实体 | TAG标签已生成 | 当前进度[90/141]
2025-10-12 18:03:58,644 - success - INFO - 实体识别结果：text25-36实体 | TAG标签已生成 | 当前进度[91/141]
2025-10-12 18:04:04,004 - success - INFO - 实体识别结果：text21-30实体 | TAG标签已生成 | 当前进度[92/141]
2025-10-12 18:04:07,067 - success - INFO - 实体识别结果：text94-39实体 | TAG标签已生成 | 当前进度[93/141]
2025-10-12 18:04:07,346 - success - INFO - 实体识别结果：text85-44实体 | TAG标签已生成 | 当前进度[94/141]
2025-10-12 18:04:08,548 - success - INFO - 实体识别结果：text55-53实体 | TAG标签已生成 | 当前进度[95/141]
2025-10-12 18:04:11,379 - success - INFO - 实体识别结果：text66-46实体 | TAG标签已生成 | 当前进度[96/141]
2025-10-12 18:04:13,121 - success - INFO - 实体识别结果：text96-46实体 | TAG标签已生成 | 当前进度[97/141]
2025-10-12 18:04:20,905 - success - INFO - 实体识别结果：text97-52实体 | TAG标签已生成 | 当前进度[98/141]
2025-10-12 18:04:21,578 - success - INFO - 实体识别结果：text56-52实体 | TAG标签已生成 | 当前进度[99/141]
2025-10-12 18:04:22,659 - success - INFO - 实体识别结果：text86-63实体 | TAG标签已生成 | 当前进度[100/141]
2025-10-12 18:04:31,419 - success - INFO - 实体识别结果：text39-7实体 | TAG标签已生成 | 当前进度[101/141]
2025-10-12 18:04:31,995 - success - INFO - 实体识别结果：text138-8实体 | TAG标签已生成 | 当前进度[102/141]
2025-10-12 18:04:33,276 - success - INFO - 实体识别结果：text134-6实体 | TAG标签已生成 | 当前进度[103/141]
2025-10-12 18:04:34,459 - success - INFO - 实体识别结果：text125-12实体 | TAG标签已生成 | 当前进度[104/141]
2025-10-12 18:04:35,348 - success - INFO - 实体识别结果：text130-11实体 | TAG标签已生成 | 当前进度[105/141]
2025-10-12 18:04:36,022 - success - INFO - 实体识别结果：text135-11实体 | TAG标签已生成 | 当前进度[106/141]
2025-10-12 18:04:36,108 - success - INFO - 实体识别结果：text139-9实体 | TAG标签已生成 | 当前进度[107/141]
2025-10-12 18:04:36,646 - success - INFO - 实体识别结果：text118-11实体 | TAG标签已生成 | 当前进度[108/141]
2025-10-12 18:04:37,298 - success - INFO - 实体识别结果：text42-10实体 | TAG标签已生成 | 当前进度[109/141]
2025-10-12 18:04:37,301 - success - INFO - 实体识别结果：text136-13实体 | TAG标签已生成 | 当前进度[110/141]
2025-10-12 18:04:37,582 - success - INFO - 实体识别结果：text36-17实体 | TAG标签已生成 | 当前进度[111/141]
2025-10-12 18:04:37,886 - success - INFO - 实体识别结果：text127-17实体 | TAG标签已生成 | 当前进度[112/141]
2025-10-12 18:04:37,917 - success - INFO - 实体识别结果：text38-15实体 | TAG标签已生成 | 当前进度[113/141]
2025-10-12 18:04:38,498 - success - INFO - 实体识别结果：text111-16实体 | TAG标签已生成 | 当前进度[114/141]
2025-10-12 18:04:38,916 - success - INFO - 实体识别结果：text123-13实体 | TAG标签已生成 | 当前进度[115/141]
2025-10-12 18:04:39,068 - success - INFO - 实体识别结果：text120-17实体 | TAG标签已生成 | 当前进度[116/141]
2025-10-12 18:04:41,011 - success - INFO - 实体识别结果：text40-16实体 | TAG标签已生成 | 当前进度[117/141]
2025-10-12 18:04:41,810 - success - INFO - 实体识别结果：text41-14实体 | TAG标签已生成 | 当前进度[118/141]
2025-10-12 18:04:42,569 - success - INFO - 实体识别结果：text112-21实体 | TAG标签已生成 | 当前进度[119/141]
2025-10-12 18:04:42,676 - success - INFO - 实体识别结果：text116-21实体 | TAG标签已生成 | 当前进度[120/141]
2025-10-12 18:04:42,686 - success - INFO - 实体识别结果：text132-21实体 | TAG标签已生成 | 当前进度[121/141]
2025-10-12 18:04:43,188 - success - INFO - 实体识别结果：text124-18实体 | TAG标签已生成 | 当前进度[122/141]
2025-10-12 18:04:43,644 - success - INFO - 实体识别结果：text58-16实体 | TAG标签已生成 | 当前进度[123/141]
2025-10-12 18:04:43,901 - success - INFO - 实体识别结果：text129-20实体 | TAG标签已生成 | 当前进度[124/141]
2025-10-12 18:04:44,761 - success - INFO - 实体识别结果：text37-18实体 | TAG标签已生成 | 当前进度[125/141]
2025-10-12 18:04:45,553 - success - INFO - 实体识别结果：text110-21实体 | TAG标签已生成 | 当前进度[126/141]
2025-10-12 18:04:46,006 - success - INFO - 实体识别结果：text121-24实体 | TAG标签已生成 | 当前进度[127/141]
2025-10-12 18:04:46,310 - success - INFO - 实体识别结果：text126-21实体 | TAG标签已生成 | 当前进度[128/141]
2025-10-12 18:04:46,656 - success - INFO - 实体识别结果：text122-18实体 | TAG标签已生成 | 当前进度[129/141]
2025-10-12 18:04:48,449 - success - INFO - 实体识别结果：text115-26实体 | TAG标签已生成 | 当前进度[130/141]
2025-10-12 18:04:52,679 - success - INFO - 实体识别结果：text140-30实体 | TAG标签已生成 | 当前进度[131/141]
2025-10-12 18:04:53,463 - success - INFO - 实体识别结果：text113-28实体 | TAG标签已生成 | 当前进度[132/141]
2025-10-12 18:04:54,956 - success - INFO - 实体识别结果：text133-37实体 | TAG标签已生成 | 当前进度[133/141]
2025-10-12 18:04:55,749 - success - INFO - 实体识别结果：text114-33实体 | TAG标签已生成 | 当前进度[134/141]
2025-10-12 18:04:55,791 - success - INFO - 实体识别结果：text57-34实体 | TAG标签已生成 | 当前进度[135/141]
2025-10-12 18:05:03,149 - success - INFO - 实体识别结果：text141-41实体 | TAG标签已生成 | 当前进度[136/141]
2025-10-12 18:05:05,643 - success - INFO - 实体识别结果：text128-34实体 | TAG标签已生成 | 当前进度[137/141]
2025-10-12 18:05:07,411 - success - INFO - 实体识别结果：text117-44实体 | TAG标签已生成 | 当前进度[138/141]
2025-10-12 18:05:10,409 - success - INFO - 实体识别结果：text137-45实体 | TAG标签已生成 | 当前进度[139/141]
2025-10-12 18:05:16,178 - success - INFO - 实体识别结果：text131-41实体 | TAG标签已生成 | 当前进度[140/141]
2025-10-12 18:05:19,448 - success - INFO - 实体识别结果：text119-59实体 | TAG标签已生成 | 当前进度[141/141]
2025-10-12 18:05:19,448 - success - INFO - 实体识别完成，共提取实体2817条
2025-10-12 18:05:21,455 - success - INFO - 关系抽取结果：text73-1关系 | 当前进度[1/141]
2025-10-12 18:05:24,149 - success - INFO - 关系抽取结果：text18-6关系 | 当前进度[2/141]
2025-10-12 18:05:25,956 - success - INFO - 关系抽取结果：text70-3关系 | 当前进度[3/141]
2025-10-12 18:05:26,039 - success - INFO - 关系抽取结果：text16-5关系 | 当前进度[4/141]
2025-10-12 18:05:26,149 - success - INFO - 关系抽取结果：text59-6关系 | 当前进度[5/141]
2025-10-12 18:05:26,448 - success - INFO - 关系抽取结果：text77-3关系 | 当前进度[6/141]
2025-10-12 18:05:26,854 - success - INFO - 关系抽取结果：text2-6关系 | 当前进度[7/141]
2025-10-12 18:05:28,348 - success - INFO - 关系抽取结果：text15-8关系 | 当前进度[8/141]
2025-10-12 18:05:28,422 - success - INFO - 关系抽取结果：text80-5关系 | 当前进度[9/141]
2025-10-12 18:05:28,490 - success - INFO - 关系抽取结果：text3-8关系 | 当前进度[10/141]
2025-10-12 18:05:28,869 - success - INFO - 关系抽取结果：text6-4关系 | 当前进度[11/141]
2025-10-12 18:05:29,005 - success - INFO - 关系抽取结果：text12-10关系 | 当前进度[12/141]
2025-10-12 18:05:29,986 - success - INFO - 关系抽取结果：text72-6关系 | 当前进度[13/141]
2025-10-12 18:05:30,311 - success - INFO - 关系抽取结果：text107-9关系 | 当前进度[14/141]
2025-10-12 18:05:30,561 - success - INFO - 关系抽取结果：text99-10关系 | 当前进度[15/141]
2025-10-12 18:05:30,755 - success - INFO - 关系抽取结果：text10-8关系 | 当前进度[16/141]
2025-10-12 18:05:31,188 - success - INFO - 关系抽取结果：text102-8关系 | 当前进度[17/141]
2025-10-12 18:05:31,860 - success - INFO - 关系抽取结果：text13-8关系 | 当前进度[18/141]
2025-10-12 18:05:31,880 - success - INFO - 关系抽取结果：text8-9关系 | 当前进度[19/141]
2025-10-12 18:05:32,397 - success - INFO - 关系抽取结果：text79-9关系 | 当前进度[20/141]
2025-10-12 18:05:32,526 - success - INFO - 关系抽取结果：text7-10关系 | 当前进度[21/141]
2025-10-12 18:05:32,553 - success - INFO - 关系抽取结果：text9-11关系 | 当前进度[22/141]
2025-10-12 18:05:32,570 - success - INFO - 关系抽取结果：text4-11关系 | 当前进度[23/141]
2025-10-12 18:05:33,072 - success - INFO - 关系抽取结果：text17-10关系 | 当前进度[24/141]
2025-10-12 18:05:33,250 - success - INFO - 关系抽取结果：text98-12关系 | 当前进度[25/141]
2025-10-12 18:05:33,414 - success - INFO - 关系抽取结果：text103-6关系 | 当前进度[26/141]
2025-10-12 18:05:33,850 - success - INFO - 关系抽取结果：text81-11关系 | 当前进度[27/141]
2025-10-12 18:05:34,095 - success - INFO - 关系抽取结果：text11-13关系 | 当前进度[28/141]
2025-10-12 18:05:34,651 - success - INFO - 关系抽取结果：text104-13关系 | 当前进度[29/141]
2025-10-12 18:05:35,449 - success - INFO - 关系抽取结果：text69-16关系 | 当前进度[30/141]
2025-10-12 18:05:35,920 - success - INFO - 关系抽取结果：text5-10关系 | 当前进度[31/141]
2025-10-12 18:05:36,416 - success - INFO - 关系抽取结果：text60-10关系 | 当前进度[32/141]
2025-10-12 18:05:36,550 - success - INFO - 关系抽取结果：text78-12关系 | 当前进度[33/141]
2025-10-12 18:05:37,249 - success - INFO - 关系抽取结果：text14-14关系 | 当前进度[34/141]
2025-10-12 18:05:37,884 - success - INFO - 关系抽取结果：text101-17关系 | 当前进度[35/141]
2025-10-12 18:05:38,049 - success - INFO - 关系抽取结果：text82-20关系 | 当前进度[36/141]
2025-10-12 18:05:38,392 - success - INFO - 关系抽取结果：text75-14关系 | 当前进度[37/141]
2025-10-12 18:05:38,808 - success - INFO - 关系抽取结果：text1-10关系 | 当前进度[38/141]
2025-10-12 18:05:40,218 - success - INFO - 关系抽取结果：text71-17关系 | 当前进度[39/141]
2025-10-12 18:05:40,887 - success - INFO - 关系抽取结果：text84-16关系 | 当前进度[40/141]
2025-10-12 18:05:45,085 - success - INFO - 关系抽取结果：text83-18关系 | 当前进度[41/141]
2025-10-12 18:05:45,423 - success - INFO - 关系抽取结果：text68-14关系 | 当前进度[42/141]
2025-10-12 18:05:45,452 - success - INFO - 关系抽取结果：text109-13关系 | 当前进度[43/141]
2025-10-12 18:05:47,598 - success - INFO - 关系抽取结果：text61-17关系 | 当前进度[44/141]
2025-10-12 18:05:48,451 - success - INFO - 关系抽取结果：text105-23关系 | 当前进度[45/141]
2025-10-12 18:05:51,704 - success - INFO - 关系抽取结果：text76-18关系 | 当前进度[46/141]
2025-10-12 18:05:52,997 - success - INFO - 关系抽取结果：text106-26关系 | 当前进度[47/141]
2025-10-12 18:05:57,371 - success - INFO - 关系抽取结果：text108-18关系 | 当前进度[48/141]
2025-10-12 18:06:01,207 - success - INFO - 关系抽取结果：text74-23关系 | 当前进度[49/141]
2025-10-12 18:06:04,756 - success - INFO - 关系抽取结果：text100-27关系 | 当前进度[50/141]
2025-10-12 18:06:11,851 - success - INFO - 关系抽取结果：text22-6关系 | 当前进度[51/141]
2025-10-12 18:06:12,121 - success - INFO - 关系抽取结果：text28-4关系 | 当前进度[52/141]
2025-10-12 18:06:12,273 - success - INFO - 关系抽取结果：text52-6关系 | 当前进度[53/141]
2025-10-12 18:06:13,852 - success - INFO - 关系抽取结果：text23-6关系 | 当前进度[54/141]
2025-10-12 18:06:14,751 - success - INFO - 关系抽取结果：text64-10关系 | 当前进度[55/141]
2025-10-12 18:06:16,576 - success - INFO - 关系抽取结果：text65-8关系 | 当前进度[56/141]
2025-10-12 18:06:17,474 - success - INFO - 关系抽取结果：text19-10关系 | 当前进度[57/141]
2025-10-12 18:06:18,000 - success - INFO - 关系抽取结果：text27-6关系 | 当前进度[58/141]
2025-10-12 18:06:18,773 - success - INFO - 关系抽取结果：text63-11关系 | 当前进度[59/141]
2025-10-12 18:06:19,101 - success - INFO - 关系抽取结果：text95-13关系 | 当前进度[60/141]
2025-10-12 18:06:19,274 - success - INFO - 关系抽取结果：text45-9关系 | 当前进度[61/141]
2025-10-12 18:06:21,199 - success - INFO - 关系抽取结果：text30-7关系 | 当前进度[62/141]
2025-10-12 18:06:21,711 - success - INFO - 关系抽取结果：text29-10关系 | 当前进度[63/141]
2025-10-12 18:06:22,092 - success - INFO - 关系抽取结果：text32-11关系 | 当前进度[64/141]
2025-10-12 18:06:24,401 - success - INFO - 关系抽取结果：text20-18关系 | 当前进度[65/141]
2025-10-12 18:06:24,849 - success - INFO - 关系抽取结果：text46-8关系 | 当前进度[66/141]
2025-10-12 18:06:25,126 - success - INFO - 关系抽取结果：text53-15关系 | 当前进度[67/141]
2025-10-12 18:06:26,317 - success - INFO - 关系抽取结果：text43-13关系 | 当前进度[68/141]
2025-10-12 18:06:27,076 - success - INFO - 关系抽取结果：text47-13关系 | 当前进度[69/141]
2025-10-12 18:06:28,790 - success - INFO - 关系抽取结果：text34-14关系 | 当前进度[70/141]
2025-10-12 18:06:29,107 - success - INFO - 关系抽取结果：text92-16关系 | 当前进度[71/141]
2025-10-12 18:06:29,379 - success - INFO - 关系抽取结果：text67-16关系 | 当前进度[72/141]
2025-10-12 18:06:29,827 - success - INFO - 关系抽取结果：text24-10关系 | 当前进度[73/141]
2025-10-12 18:06:31,759 - success - INFO - 关系抽取结果：text35-24关系 | 当前进度[74/141]
2025-10-12 18:06:32,173 - success - INFO - 关系抽取结果：text33-13关系 | 当前进度[75/141]
2025-10-12 18:06:32,490 - success - INFO - 关系抽取结果：text62-16关系 | 当前进度[76/141]
2025-10-12 18:06:32,550 - success - INFO - 关系抽取结果：text89-16关系 | 当前进度[77/141]
2025-10-12 18:06:34,273 - success - INFO - 关系抽取结果：text93-24关系 | 当前进度[78/141]
2025-10-12 18:06:37,611 - success - INFO - 关系抽取结果：text49-11关系 | 当前进度[79/141]
2025-10-12 18:06:39,246 - success - INFO - 关系抽取结果：text48-26关系 | 当前进度[80/141]
2025-10-12 18:06:39,897 - success - INFO - 关系抽取结果：text31-23关系 | 当前进度[81/141]
2025-10-12 18:06:41,977 - success - INFO - 关系抽取结果：text54-21关系 | 当前进度[82/141]
2025-10-12 18:06:42,352 - success - INFO - 关系抽取结果：text26-26关系 | 当前进度[83/141]
2025-10-12 18:06:42,695 - success - INFO - 关系抽取结果：text51-24关系 | 当前进度[84/141]
2025-10-12 18:06:43,520 - success - INFO - 关系抽取结果：text50-23关系 | 当前进度[85/141]
2025-10-12 18:06:47,452 - success - INFO - 关系抽取结果：text85-30关系 | 当前进度[86/141]
2025-10-12 18:06:47,628 - success - INFO - 关系抽取结果：text44-25关系 | 当前进度[87/141]
2025-10-12 18:06:48,883 - success - INFO - 关系抽取结果：text66-35关系 | 当前进度[88/141]
2025-10-12 18:06:49,560 - success - INFO - 关系抽取结果：text91-34关系 | 当前进度[89/141]
2025-10-12 18:06:55,408 - success - INFO - 关系抽取结果：text88-32关系 | 当前进度[90/141]
2025-10-12 18:06:56,104 - success - INFO - 关系抽取结果：text25-31关系 | 当前进度[91/141]
2025-10-12 18:06:58,318 - success - INFO - 关系抽取结果：text56-33关系 | 当前进度[92/141]
2025-10-12 18:06:59,096 - success - INFO - 关系抽取结果：text87-31关系 | 当前进度[93/141]
2025-10-12 18:06:59,980 - success - INFO - 关系抽取结果：text21-29关系 | 当前进度[94/141]
2025-10-12 18:07:00,273 - success - INFO - 关系抽取结果：text94-30关系 | 当前进度[95/141]
2025-10-12 18:07:05,053 - success - INFO - 关系抽取结果：text90-37关系 | 当前进度[96/141]
2025-10-12 18:07:10,268 - success - INFO - 关系抽取结果：text55-37关系 | 当前进度[97/141]
2025-10-12 18:07:15,353 - success - INFO - 关系抽取结果：text96-42关系 | 当前进度[98/141]
2025-10-12 18:07:18,716 - success - INFO - 关系抽取结果：text97-53关系 | 当前进度[99/141]
2025-10-12 18:07:38,596 - success - INFO - 关系抽取结果：text86-35关系 | 当前进度[100/141]
2025-10-12 18:07:47,651 - success - INFO - 关系抽取结果：text138-7关系 | 当前进度[101/141]
2025-10-12 18:07:52,068 - success - INFO - 关系抽取结果：text134-8关系 | 当前进度[102/141]
2025-10-12 18:07:52,068 - success - INFO - 关系抽取结果：text139-7关系 | 当前进度[103/141]
2025-10-12 18:07:53,954 - success - INFO - 关系抽取结果：text42-12关系 | 当前进度[104/141]
2025-10-12 18:07:54,382 - success - INFO - 关系抽取结果：text130-10关系 | 当前进度[105/141]
2025-10-12 18:07:54,478 - success - INFO - 关系抽取结果：text40-13关系 | 当前进度[106/141]
2025-10-12 18:07:56,428 - success - INFO - 关系抽取结果：text127-11关系 | 当前进度[107/141]
2025-10-12 18:07:57,015 - success - INFO - 关系抽取结果：text36-11关系 | 当前进度[108/141]
2025-10-12 18:07:57,896 - success - INFO - 关系抽取结果：text41-10关系 | 当前进度[109/141]
2025-10-12 18:07:57,974 - success - INFO - 关系抽取结果：text135-12关系 | 当前进度[110/141]
2025-10-12 18:07:58,860 - success - INFO - 关系抽取结果：text123-12关系 | 当前进度[111/141]
2025-10-12 18:07:59,254 - success - INFO - 关系抽取结果：text37-9关系 | 当前进度[112/141]
2025-10-12 18:08:00,065 - success - INFO - 关系抽取结果：text111-15关系 | 当前进度[113/141]
2025-10-12 18:08:00,265 - success - INFO - 关系抽取结果：text58-13关系 | 当前进度[114/141]
2025-10-12 18:08:00,666 - success - INFO - 关系抽取结果：text39-10关系 | 当前进度[115/141]
2025-10-12 18:08:01,255 - success - INFO - 关系抽取结果：text38-14关系 | 当前进度[116/141]
2025-10-12 18:08:01,482 - success - INFO - 关系抽取结果：text125-11关系 | 当前进度[117/141]
2025-10-12 18:08:02,152 - success - INFO - 关系抽取结果：text118-10关系 | 当前进度[118/141]
2025-10-12 18:08:02,186 - success - INFO - 关系抽取结果：text136-13关系 | 当前进度[119/141]
2025-10-12 18:08:03,022 - success - INFO - 关系抽取结果：text112-14关系 | 当前进度[120/141]
2025-10-12 18:08:04,665 - success - INFO - 关系抽取结果：text122-17关系 | 当前进度[121/141]
2025-10-12 18:08:08,910 - success - INFO - 关系抽取结果：text133-18关系 | 当前进度[122/141]
2025-10-12 18:08:09,119 - success - INFO - 关系抽取结果：text120-20关系 | 当前进度[123/141]
2025-10-12 18:08:09,506 - success - INFO - 关系抽取结果：text132-22关系 | 当前进度[124/141]
2025-10-12 18:08:11,495 - success - INFO - 关系抽取结果：text121-23关系 | 当前进度[125/141]
2025-10-12 18:08:13,454 - success - INFO - 关系抽取结果：text124-17关系 | 当前进度[126/141]
2025-10-12 18:08:13,693 - success - INFO - 关系抽取结果：text113-22关系 | 当前进度[127/141]
2025-10-12 18:08:14,951 - success - INFO - 关系抽取结果：text129-21关系 | 当前进度[128/141]
2025-10-12 18:08:15,126 - success - INFO - 关系抽取结果：text57-27关系 | 当前进度[129/141]
2025-10-12 18:08:16,032 - success - INFO - 关系抽取结果：text115-17关系 | 当前进度[130/141]
2025-10-12 18:08:16,433 - success - INFO - 关系抽取结果：text116-20关系 | 当前进度[131/141]
2025-10-12 18:08:17,781 - success - INFO - 关系抽取结果：text126-23关系 | 当前进度[132/141]
2025-10-12 18:08:21,798 - success - INFO - 关系抽取结果：text110-20关系 | 当前进度[133/141]
2025-10-12 18:08:26,595 - success - INFO - 关系抽取结果：text140-22关系 | 当前进度[134/141]
2025-10-12 18:08:28,414 - success - INFO - 关系抽取结果：text141-28关系 | 当前进度[135/141]
2025-10-12 18:08:29,414 - success - INFO - 关系抽取结果：text128-41关系 | 当前进度[136/141]
2025-10-12 18:08:31,089 - success - INFO - 关系抽取结果：text137-35关系 | 当前进度[137/141]
2025-10-12 18:08:31,789 - success - INFO - 关系抽取结果：text119-37关系 | 当前进度[138/141]
2025-10-12 18:08:36,365 - success - INFO - 关系抽取结果：text131-46关系 | 当前进度[139/141]
2025-10-12 18:08:38,255 - success - INFO - 关系抽取结果：text114-21关系 | 当前进度[140/141]
2025-10-12 18:08:49,471 - success - INFO - 关系抽取结果：text117-40关系 | 当前进度[141/141]
2025-10-12 18:08:49,472 - success - INFO - 关系抽取完成，共提取关系2342条
2025-10-12 18:08:49,477 - success - INFO - Token统计：调用次数-431 | 输入-262,254 | 输出-267,987 | 总计-530,241
2025-10-12 18:08:49,482 - success - INFO - Sentence向量化：新增1019条
2025-10-12 18:09:23,863 - success - INFO - entity向量化：新增2309条 | 复用0条
2025-10-12 18:12:02,205 - success - INFO - relationships向量化：新增2038条 | 复用0条
2025-10-12 18:13:15,771 - success - INFO - text向量化: 新增141条
2025-10-12 18:13:15,835 - success - INFO - 映射更新完成 :实体-2301 | 关系-2038 | 文档-8
