2025-10-11 14:39:51,938 - RagRouter_控烟_2025-10-11 - INFO - [RagRouter] 开始向量化 - 主题: 控烟
2025-10-11 14:39:51,943 - error - ERROR - 加载提示词失败: [Errno 2] No such file or directory: 'D:\\PythonProject\\OpinionSystem\\configs\\prompt\\ragrouter\\控烟.yaml'
2025-10-11 14:41:53,357 - RagRouter_控烟_2025-10-11 - INFO - [RagRouter] 开始向量化 - 主题: 控烟
2025-10-11 14:41:53,360 - success - INFO - 加载提示词配置: D:\PythonProject\OpinionSystem\configs\prompt\ragrouter\控烟.yaml
2025-10-11 14:41:53,380 - success - INFO - 连接数据库: D:\PythonProject\OpinionSystem\src\utils\rag\ragrouter\控烟_数据库\vector_db
2025-10-11 14:41:53,380 - RagRouter_控烟_2025-10-11 - INFO - [Pipeline] 开始向量化处理 - 主题:控烟
2025-10-11 14:41:53,380 - RagRouter_控烟_2025-10-11 - INFO - [TextProcessor] 开始文本处理与映射构建
2025-10-11 14:41:53,385 - error - ERROR - 没有文本文件
2025-10-11 14:41:53,386 - RagRouter_控烟_2025-10-11 - INFO - [Pipeline] [1/4] 开始生成句子向量
2025-10-11 14:41:53,387 - error - ERROR - 处理失败: [Errno 2] No such file or directory: 'D:\\PythonProject\\OpinionSystem\\src\\utils\\rag\\ragrouter\\控烟_数据库\\normal_db\\sentence_db\\sentences.json'
2025-10-11 14:53:35,746 - RagRouter_控烟_2025-10-11 - INFO - [RagRouter] 开始向量化 - 主题: 控烟
2025-10-11 14:53:35,749 - success - INFO - 使用主题 '控烟' 的提示词配置
2025-10-11 14:53:35,749 - success - INFO - 加载提示词配置: D:\PythonProject\OpinionSystem\configs\prompt\ragrouter\控烟.yaml
2025-10-11 14:53:35,755 - success - INFO - 连接数据库: D:\PythonProject\OpinionSystem\src\utils\rag\ragrouter\控烟数据库\vector_db
2025-10-11 14:53:35,757 - RagRouter_控烟_2025-10-11 - INFO - [Pipeline] 开始向量化处理 - 主题:控烟
2025-10-11 14:53:35,757 - RagRouter_控烟_2025-10-11 - INFO - [TextProcessor] 开始文本处理与映射构建
2025-10-11 14:53:35,758 - success - INFO - 发现 12 个文本文件
2025-10-11 14:53:35,759 - success - INFO - 文档分组完成 - 共 1 个文档
2025-10-11 14:53:35,759 - success - INFO - 检测到新增文档: 1 个
2025-10-11 14:53:35,764 - success - INFO - doc1 - 20250922鲁迅夹烟墙画被投诉事件舆情分析报告 - 文本块:12, 长度:5273
2025-10-11 14:53:35,764 - RagRouter_控烟_2025-10-11 - INFO - [TextProcessor] 开始切割句子
2025-10-11 14:53:35,778 - success - INFO - 句子切割完成 - 新增:94, 总计:94
2025-10-11 14:53:35,778 - RagRouter_控烟_2025-10-11 - INFO - [TextProcessor] 保存映射文件
2025-10-11 14:53:35,780 - success - INFO - 映射文件已保存 - 文档:1, 文本:12
2025-10-11 14:53:35,781 - success - INFO - 文本处理完成 - 文档:1, 文本块:12
2025-10-11 14:53:36,574 - success - INFO - doc1 时间范围: - 2025年9月22日
2025-10-11 14:53:36,588 - RagRouter_控烟_2025-10-11 - INFO - [EntityExtractor] 开始实体关系提取 - 文件数:12
2025-10-11 14:53:37,841 - success - INFO - 标签生成 - text5: - "描述了2023年8月由游客投诉引发的墙画舆情事件及其争议性传播特征"
2025-10-11 14:53:37,841 - success - INFO - 标签生成 - text2: - "评述‘鲁迅夹烟墙画被投诉’事件反映的控烟传播困境与文化叙事挑战"
2025-10-11 14:53:37,977 - success - INFO - 标签生成 - text10: - "揭示了微博作为舆论主战场在文化遗产争议事件中的极化传播机制与情绪动员特征"
2025-10-11 14:53:38,039 - success - INFO - 标签生成 - text4: - "描述了2025年8月22日至9月7日关于‘鲁迅夹烟墙画投诉’的网络舆情数据采集情况"
2025-10-11 14:53:38,089 - success - INFO - 标签生成 - text9: - "探讨了短视频平台如何通过场景化叙事呈现鲁迅纪念馆‘夹烟打卡’事件及其对青少年影响的公共讨论"
2025-10-11 14:53:38,142 - success - INFO - 标签生成 - text1: - "描述了2025年8月绍兴鲁迅纪念馆夹烟墙画被投诉事件及公众对脱离文化语境的控烟叙事的反对"
2025-10-11 14:53:38,261 - success - INFO - 标签生成 - text12: - "提出通过国际案例借鉴与场景化教育实现控烟内容创新，倡导平衡叙事"
2025-10-11 14:53:38,882 - success - INFO - 标签生成 - text3: - "分析了2025年8月22日至9月7日一场以控烟为名义引发的文化议题舆论事件，揭示公众对文化审查
2025-10-11 14:53:39,041 - success - INFO - 标签生成 - text8: - "分析了鲁迅吸烟形象争议背后的公共话语冲突，揭示历史真实与艺术重构、公众投诉边界的双重张力"
2025-10-11 14:53:39,219 - success - INFO - 标签生成 - text7: - "分析鲁迅纪念馆夹烟墙事件舆情关键词及公众对青少年误导与文化尊重的争议焦点"
2025-10-11 14:53:40,016 - success - INFO - 标签生成 - text11: - "聚焦绍兴鲁迅纪念馆墙画夹烟形象引发的公众争议及其对青少年影响的讨论"  
- "揭示新闻媒体在
2025-10-11 14:53:40,743 - success - INFO - 标签生成 - text6: - "分析了公众对孙女士投诉事件的舆情态度，揭示‘负面’情绪实为对投诉行为的反对而非控烟本身"
2025-10-11 14:54:46,854 - success - INFO - 阶段1完成 - 共提取 233 个实体
2025-10-11 14:54:46,854 - RagRouter_控烟_2025-10-11 - INFO - [EntityExtractor] 开始阶段2 - 提取关系
2025-10-11 14:55:52,696 - success - INFO - 阶段2完成 - 共提取 189 个关系
2025-10-11 14:55:52,696 - RagRouter_控烟_2025-10-11 - INFO - [EntityExtractor] 合并并保存提取结果到JSON文件
2025-10-11 14:55:52,701 - success - INFO - 保存实体总文件: 233 个实体
2025-10-11 14:55:52,707 - success - INFO - 保存关系总文件: 189 个关系
2025-10-11 14:55:52,708 - success - INFO - 实体关系提取完成 - 实体:233, 关系:189
2025-10-11 14:55:52,709 - success - INFO - Token统计 - 调用:37, 输入:22742, 输出:21723
2025-10-11 14:55:52,711 - RagRouter_控烟_2025-10-11 - INFO - [Pipeline] [1/4] 开始生成句子向量
2025-10-11 14:55:52,722 - success - INFO - 准备向量化 94 个新句子
2025-10-11 14:55:52,722 - RagRouter_控烟_2025-10-11 - INFO - [EmbeddingGenerator] 开始生成 94 个句子向量
2025-10-11 14:55:55,484 - success - INFO - 句子向量生成完成 - 成功:94/94
2025-10-11 14:55:55,616 - success - INFO - normalrag 重建:94条
2025-10-11 14:55:55,618 - RagRouter_控烟_2025-10-11 - INFO - [Pipeline] [2/4] 开始处理实体向量
2025-10-11 14:55:55,633 - success - INFO - 从合并文件读取实体: 233 个
2025-10-11 14:55:55,633 - success - INFO - 读取实体 - 去重前: 233 个
2025-10-11 14:55:55,634 - success - INFO - 实体去重完成 - 唯一: 188 个, 去除: 45 个
2025-10-11 14:55:55,634 - RagRouter_控烟_2025-10-11 - INFO - [EmbeddingGenerator] 开始生成 188 个实体名称向量
2025-10-11 14:56:01,947 - success - INFO - 实体名称向量生成完成 - 成功:188/188
2025-10-11 14:56:01,956 - RagRouter_控烟_2025-10-11 - INFO - [EmbeddingGenerator] 开始生成 188 个实体描述向量
2025-10-11 14:56:08,348 - success - INFO - 实体描述向量生成完成 - 成功:188/188
2025-10-11 14:56:08,387 - success - INFO - graphrag_entities 重建:188条
2025-10-11 14:56:08,388 - RagRouter_控烟_2025-10-11 - INFO - [Pipeline] [3/4] 开始处理关系向量
2025-10-11 14:56:08,399 - success - INFO - 从合并文件读取关系: 189 个
2025-10-11 14:56:08,400 - success - INFO - 读取关系 - 去重前: 171 个
2025-10-11 14:56:08,400 - success - INFO - 关系去重完成 - 唯一: 168 个, 去除: 3 个
2025-10-11 14:56:08,401 - RagRouter_控烟_2025-10-11 - INFO - [EmbeddingGenerator] 开始生成 168 个关系向量
2025-10-11 14:56:13,552 - success - INFO - 关系向量生成完成 - 成功:168/168
2025-10-11 14:56:13,577 - success - INFO - graphrag_relationships 重建:168条
2025-10-11 14:56:13,578 - RagRouter_控烟_2025-10-11 - INFO - [Pipeline] [4/4] 开始处理文本元数据
2025-10-11 14:56:13,579 - RagRouter_控烟_2025-10-11 - INFO - [EmbeddingGenerator] 开始生成 12 个文本标签向量
2025-10-11 14:56:14,981 - success - INFO - 文本标签向量生成完成 - 成功:12/12
2025-10-11 14:56:14,981 - success - INFO - 文本表准备完成 - 共 12 条
2025-10-11 14:56:14,993 - success - INFO - graphrag_texts 重建:12条
2025-10-11 14:56:15,035 - success - INFO - 映射更新完成 - 实体:188, 关系:168, 文档:1
2025-10-11 14:56:15,039 - success - INFO - 向量化处理完成 - 主题:控烟
2025-10-11 14:56:15,069 - success - INFO - 处理总结 - 文本:12, 文档:1, 实体文件:1, 关系文件:1
2025-10-11 14:56:15,069 - success - INFO - 向量库 normalrag: 94 条记录
2025-10-11 14:56:15,069 - success - INFO - 向量库 graphrag_texts: 12 条记录
2025-10-11 14:56:15,070 - success - INFO - 向量库 graphrag_entities: 188 条记录
2025-10-11 14:56:15,070 - success - INFO - 向量库 graphrag_relationships: 168 条记录
2025-10-11 14:56:15,072 - success - INFO - 处理完成 - 主题: 控烟
2025-10-11 15:04:31,213 - RagRouter_控烟_2025-10-11 - INFO - [RagRouter] 开始向量化 - 主题: 控烟
2025-10-11 15:04:31,217 - success - INFO - 使用主题 '控烟' 的提示词配置
2025-10-11 15:04:31,220 - success - INFO - 加载提示词配置: D:\PythonProject\OpinionSystem\configs\prompt\ragrouter\控烟.yaml
2025-10-11 15:04:31,224 - success - INFO - 连接数据库: D:\PythonProject\OpinionSystem\src\utils\rag\ragrouter\控烟数据库\vector_db
2025-10-11 15:04:31,226 - RagRouter_控烟_2025-10-11 - INFO - [Pipeline] 开始向量化处理 - 主题:控烟
2025-10-11 15:04:31,226 - RagRouter_控烟_2025-10-11 - INFO - [TextProcessor] 开始文本处理与映射构建
2025-10-11 15:04:31,227 - success - INFO - 发现 12 个文本文件
2025-10-11 15:04:31,228 - success - INFO - 文档分组完成 - 共 1 个文档
2025-10-11 15:04:31,228 - success - INFO - 检测到新增文档: 1 个
2025-10-11 15:04:31,232 - success - INFO - doc1 - 20250922鲁迅夹烟墙画被投诉事件舆情分析报告 - 文本块:12, 长度:5273
2025-10-11 15:04:31,233 - RagRouter_控烟_2025-10-11 - INFO - [TextProcessor] 开始切割句子
2025-10-11 15:04:31,245 - success - INFO - 句子切割完成 - 新增:94, 总计:94
2025-10-11 15:04:31,245 - RagRouter_控烟_2025-10-11 - INFO - [TextProcessor] 保存映射文件
2025-10-11 15:04:31,246 - success - INFO - 映射文件已保存 - 文档:1, 文本:12
2025-10-11 15:04:31,246 - success - INFO - 文本处理完成 - 文档:1, 文本块:12
2025-10-11 15:04:31,969 - success - INFO - doc1 时间范围: - 2025年9月22日
2025-10-11 15:04:31,974 - RagRouter_控烟_2025-10-11 - INFO - [EntityExtractor] 开始实体关系提取 - 文件数:12
2025-10-11 15:04:33,141 - success - INFO - 标签生成 - text10: - "揭示了微博作为舆论主战场在文化遗产争议事件中的极化传播机制与情绪动员特征"
2025-10-11 15:04:33,212 - success - INFO - 标签生成 - text6: - "分析了公众对孙女士投诉事件的舆情态度及其对控烟形象的影响"
2025-10-11 15:04:33,294 - success - INFO - 标签生成 - text7: - "分析鲁迅纪念馆夹烟墙事件舆情关键词及公众对青少年误导与文化尊重的争议焦点"
2025-10-11 15:04:33,366 - success - INFO - 标签生成 - text2: - "评述‘鲁迅夹烟墙画被投诉’事件反映的控烟传播困境与社会文化心理"
2025-10-11 15:04:33,465 - success - INFO - 标签生成 - text12: - "提出通过国际案例借鉴与场景化教育实现控烟宣传的内容创新，倡导在尊重历史的同时推行健康理念"
2025-10-11 15:04:33,589 - success - INFO - 标签生成 - text5: - "分析了2023年8月墙画投诉事件的舆论走势及争议驱动型舆情特征"
2025-10-11 15:04:33,679 - success - INFO - 标签生成 - text1: - "描述了2025年鲁迅纪念馆夹烟墙画被投诉事件及公众对脱离文化语境的控烟叙事的反对"
2025-10-11 15:04:33,785 - success - INFO - 标签生成 - text9: - "探讨短视频平台如何通过场景化叙事传播鲁迅纪念馆相关争议事件及其对青少年影响的公众讨论"
2025-10-11 15:04:34,094 - success - INFO - 标签生成 - text4: - "描述了2025年8月22日至9月7日关于‘鲁迅夹烟墙画投诉’的舆情数据采集情况，显示自媒体和短
2025-10-11 15:04:35,029 - success - INFO - 标签生成 - text8: - "分析了鲁迅吸烟形象争议背后的公共话语冲突，揭示历史真实与选择性美化、投诉合理性的舆论博弈"
2025-10-11 15:04:35,458 - success - INFO - 标签生成 - text11: - "聚焦绍兴鲁迅纪念馆墙画夹烟形象引发的争议及其对青少年影响的舆论讨论"  
- "揭示新闻媒体在
2025-10-11 15:04:35,673 - success - INFO - 标签生成 - text3: - "描述了2025年8月22日至9月7日一场以控烟为引但实质为文化议题的舆论事件，揭示公众对借控烟
2025-10-11 15:05:25,759 - success - INFO - 阶段1完成 - 共提取 251 个实体
2025-10-11 15:05:25,759 - RagRouter_控烟_2025-10-11 - INFO - [EntityExtractor] 开始阶段2 - 提取关系
2025-10-11 15:06:22,184 - success - INFO - 阶段2完成 - 共提取 220 个关系
2025-10-11 15:06:22,184 - RagRouter_控烟_2025-10-11 - INFO - [EntityExtractor] 合并并保存提取结果到JSON文件
2025-10-11 15:06:22,200 - success - INFO - 保存实体总文件: 251 个实体
2025-10-11 15:06:22,208 - success - INFO - 保存关系总文件: 220 个关系
2025-10-11 15:06:22,209 - success - INFO - 实体关系提取完成 - 实体:251, 关系:220
2025-10-11 15:06:22,209 - success - INFO - Token统计 - 调用:37, 输入:22956, 输出:24339
2025-10-11 15:06:22,211 - RagRouter_控烟_2025-10-11 - INFO - [Pipeline] [1/4] 开始生成句子向量
2025-10-11 15:06:22,212 - success - INFO - 准备向量化 94 个新句子
2025-10-11 15:06:22,212 - RagRouter_控烟_2025-10-11 - INFO - [EmbeddingGenerator] 开始生成 94 个句子向量
2025-10-11 15:06:26,122 - success - INFO - 句子向量生成完成 - 成功:94/94
2025-10-11 15:06:26,122 - error - ERROR - normalrag 保存失败: Table 'normalrag' was not found
2025-10-11 15:06:26,122 - RagRouter_控烟_2025-10-11 - INFO - [Pipeline] [2/4] 开始处理实体向量（全局文档去重）
2025-10-11 15:06:26,144 - success - INFO - 从合并文件读取实体 - 总数:251, 文档数:1
2025-10-11 15:06:26,144 - success - INFO - 去重前实体 - 全局: 251 个, 文档数: 1
2025-10-11 15:06:26,145 - success - INFO - 实体去重完成 - 唯一: 209 个, 去除: 42 个
2025-10-11 15:06:26,146 - RagRouter_控烟_2025-10-11 - INFO - [EmbeddingGenerator] 开始生成 209 个实体名称向量
2025-10-11 15:06:33,307 - success - INFO - 实体名称向量生成完成 - 成功:209/209
2025-10-11 15:06:33,323 - RagRouter_控烟_2025-10-11 - INFO - [EmbeddingGenerator] 开始生成 209 个实体描述向量
2025-10-11 15:06:40,772 - success - INFO - 实体描述向量生成完成 - 成功:209/209
2025-10-11 15:06:40,787 - success - INFO - 实体向量化完成 - 数量: 209, ID范围: 1-209
2025-10-11 15:06:40,828 - success - INFO - graphrag_entities 重建:209条
2025-10-11 15:06:40,838 - RagRouter_控烟_2025-10-11 - INFO - [Pipeline] [3/4] 开始处理关系向量（全局文档去重）
2025-10-11 15:06:40,841 - success - INFO - 从合并文件读取关系 - 总数:220, 文档数:1, 过滤:12
2025-10-11 15:06:40,841 - success - INFO - 去重前关系 - 全局且实体有效: 208 个, 过滤: 12
2025-10-11 15:06:40,842 - success - INFO - 关系去重完成 - 唯一: 205 个, 去除: 3 个
2025-10-11 15:06:40,842 - RagRouter_控烟_2025-10-11 - INFO - [EmbeddingGenerator] 开始生成 205 个关系向量
2025-10-11 15:06:47,120 - success - INFO - 关系向量生成完成 - 成功:205/205
2025-10-11 15:06:47,131 - success - INFO - 关系向量化完成 - 数量: 205, ID范围: 1-205
2025-10-11 15:06:47,154 - success - INFO - graphrag_relationships 重建:205条
2025-10-11 15:06:47,154 - RagRouter_控烟_2025-10-11 - INFO - [Pipeline] [4/4] 开始处理文本元数据
2025-10-11 15:06:47,162 - RagRouter_控烟_2025-10-11 - INFO - [EmbeddingGenerator] 开始生成 12 个文本标签向量
2025-10-11 15:06:47,407 - success - INFO - 文本标签向量生成完成 - 成功:12/12
2025-10-11 15:06:47,407 - success - INFO - 文本表准备完成 - 共 12 条
2025-10-11 15:06:47,407 - error - ERROR - graphrag_texts 保存失败: Table 'graphrag_texts' was not found
2025-10-11 15:06:47,449 - success - INFO - 映射更新完成 - 实体:209, 关系:205, 文档:1
2025-10-11 15:06:47,450 - success - INFO - 向量化处理完成 - 主题:控烟
2025-10-11 15:06:47,458 - success - INFO - 处理总结 - 文本:12, 文档:1, 实体文件:1, 关系文件:1
2025-10-11 15:06:47,458 - success - INFO - 向量库 graphrag_entities: 209 条记录
2025-10-11 15:06:47,458 - success - INFO - 向量库 graphrag_relationships: 205 条记录
2025-10-11 15:06:47,460 - success - INFO - 处理完成 - 主题: 控烟
2025-10-11 15:18:27,777 - RagRouter_控烟_2025-10-11 - INFO - [RagRouter] 开始向量化 - 主题: 控烟
2025-10-11 15:18:27,777 - success - INFO - 使用主题 '控烟' 的提示词配置
2025-10-11 15:18:27,777 - success - INFO - 加载提示词配置: D:\PythonProject\OpinionSystem\configs\prompt\ragrouter\控烟.yaml
2025-10-11 15:18:27,794 - success - INFO - 连接数据库: D:\PythonProject\OpinionSystem\src\utils\rag\ragrouter\控烟数据库\vector_db
2025-10-11 15:18:27,796 - RagRouter_控烟_2025-10-11 - INFO - [Pipeline] 开始向量化处理 - 主题:控烟
2025-10-11 15:18:27,797 - RagRouter_控烟_2025-10-11 - INFO - [TextProcessor] 开始文本处理与映射构建
2025-10-11 15:18:27,798 - success - INFO - 发现 12 个文本文件
2025-10-11 15:18:27,799 - success - INFO - 文档分组完成 - 共 1 个文档
2025-10-11 15:18:27,800 - success - INFO - 检测到新增文档: 1 个
2025-10-11 15:18:27,802 - success - INFO - doc1 - 20250922鲁迅夹烟墙画被投诉事件舆情分析报告 - 文本块:12, 长度:5273
2025-10-11 15:18:27,803 - RagRouter_控烟_2025-10-11 - INFO - [TextProcessor] 开始切割句子
2025-10-11 15:18:27,810 - success - INFO - 句子切割完成 - 新增:94, 总计:94
2025-10-11 15:18:27,810 - RagRouter_控烟_2025-10-11 - INFO - [TextProcessor] 保存映射文件
2025-10-11 15:18:27,816 - success - INFO - 映射文件已保存 - 文档:1, 文本:12
2025-10-11 15:18:27,817 - success - INFO - 文本处理完成 - 文档:1, 文本块:12
2025-10-11 15:18:28,740 - success - INFO - doc1 时间范围: - 2025年9月22日
2025-10-11 15:18:28,756 - RagRouter_控烟_2025-10-11 - INFO - [EntityExtractor] 开始实体关系提取 - 文件数:12
2025-10-11 15:18:29,618 - success - INFO - 标签生成 - text2: - "评述‘鲁迅夹烟墙画被投诉’事件反映的控烟传播困境与社会文化心理"
2025-10-11 15:18:30,096 - success - INFO - 标签生成 - text10: - "揭示了微博作为舆论主战场在文化遗产争议事件中的极化传播机制与情绪动员特征"
2025-10-11 15:18:30,202 - success - INFO - 标签生成 - text12: - "探讨通过国际案例借鉴与场景化教育实现控烟内容创新，推动历史尊重与健康倡导的平衡"
2025-10-11 15:18:30,218 - success - INFO - 标签生成 - text1: - "描述了2025年8月鲁迅纪念馆夹烟墙画被投诉事件及公众对脱离文化语境的控烟叙事的反思"
2025-10-11 15:18:30,324 - success - INFO - 标签生成 - text9: - "探讨短视频平台如何通过场景化叙事传播鲁迅文化争议及其对青少年影响的公众讨论"
2025-10-11 15:18:30,390 - success - INFO - 标签生成 - text8: - "分析了鲁迅吸烟形象争议背后的公共话语冲突，揭示历史真实与选择性美颜、投诉边界之间的张力"
2025-10-11 15:18:30,514 - success - INFO - 标签生成 - text4: - "描述了2025年8月22日至9月7日关于‘鲁迅夹烟墙画投诉’的舆情数据采集情况及各平台传播分布
2025-10-11 15:18:30,571 - success - INFO - 标签生成 - text5: - "分析了2023年8月墙画投诉事件的舆论走势及争议驱动型舆情特征"
2025-10-11 15:18:30,640 - success - INFO - 标签生成 - text7: - "分析了鲁迅夹烟墙舆情事件中公众关注的核心关键词及其背后的文化争议与青少年认知引导担忧"
2025-10-11 15:18:30,693 - success - INFO - 标签生成 - text6: - "分析了公众对孙女士投诉事件的负面舆情，揭示其实际指向对投诉行为而非控烟或鲁迅故里的批评"
2025-10-11 15:18:31,045 - success - INFO - 标签生成 - text3: - "揭示了2025年8月至9月一场以文化议题为核心的舆论事件，公众反对借控烟之名进行文化审查，强调
2025-10-11 15:18:31,882 - success - INFO - 标签生成 - text11: - "聚焦绍兴鲁迅纪念馆墙画夹烟形象引发的争议及其对青少年影响的舆论讨论"  
- "揭示新闻媒体在
2025-10-11 15:19:05,142 - success - INFO - 阶段1完成 - 共提取 215 个实体
2025-10-11 15:19:05,142 - RagRouter_控烟_2025-10-11 - INFO - [EntityExtractor] 开始阶段2 - 提取关系
2025-10-11 15:19:47,902 - success - INFO - 阶段2完成 - 共提取 178 个关系
2025-10-11 15:19:47,918 - RagRouter_控烟_2025-10-11 - INFO - [EntityExtractor] 准备当前批次的原始数据
2025-10-11 15:19:47,918 - success - INFO - 当前批次原始数据 - 实体:215, 关系:178
2025-10-11 15:19:47,920 - success - INFO - 实体关系提取完成 - 实体:215, 关系:178
2025-10-11 15:19:47,921 - success - INFO - Token统计 - 调用:37, 输入:22588, 输出:20443
2025-10-11 15:19:47,922 - RagRouter_控烟_2025-10-11 - INFO - [Pipeline] [1/4] 开始生成句子向量
2025-10-11 15:19:47,923 - success - INFO - 准备向量化 94 个新句子
2025-10-11 15:19:47,923 - RagRouter_控烟_2025-10-11 - INFO - [EmbeddingGenerator] 开始生成 94 个句子向量
2025-10-11 15:19:50,733 - success - INFO - 句子向量生成完成 - 成功:94/94
2025-10-11 15:19:50,769 - success - INFO - normalrag 重建:94条
2025-10-11 15:19:50,770 - RagRouter_控烟_2025-10-11 - INFO - [Pipeline] [2/4] 开始处理实体向量（增量+去重）
2025-10-11 15:19:50,771 - success - INFO - 实体去重完成 - 唯一: 174, 去除: 41
2025-10-11 15:19:50,772 - success - INFO - 实体向量化规划 - 需要:174, 已有:0
2025-10-11 15:19:50,773 - RagRouter_控烟_2025-10-11 - INFO - [EmbeddingGenerator] 开始生成 174 个实体名称向量
2025-10-11 15:19:56,016 - success - INFO - 实体名称向量生成完成 - 成功:174/174
2025-10-11 15:19:56,016 - RagRouter_控烟_2025-10-11 - INFO - [EmbeddingGenerator] 开始生成 174 个实体描述向量
2025-10-11 15:20:02,297 - success - INFO - 实体描述向量生成完成 - 成功:174/174
2025-10-11 15:20:02,297 - success - INFO - 实体准备完成 - 数量: 174, ID范围: 1-174
2025-10-11 15:20:02,755 - success - INFO - 保存实体文件: 174 个
2025-10-11 15:20:02,790 - success - INFO - graphrag_entities 重建:174条
2025-10-11 15:20:02,790 - RagRouter_控烟_2025-10-11 - INFO - [Pipeline] [3/4] 开始处理关系向量（增量+去重）
2025-10-11 15:20:02,793 - success - INFO - 读取已有关系: 220 个
2025-10-11 15:20:02,795 - success - INFO - 关系去重完成 - 唯一: 316, 去除: 18, 过滤: 64
2025-10-11 15:20:02,796 - success - INFO - 关系向量化规划 - 需要:316, 已有:0
2025-10-11 15:20:02,797 - RagRouter_控烟_2025-10-11 - INFO - [EmbeddingGenerator] 开始生成 316 个关系向量
2025-10-11 15:20:13,266 - success - INFO - 关系向量生成完成 - 成功:316/316
2025-10-11 15:20:13,273 - success - INFO - 关系准备完成 - 数量: 316, ID范围: 1-316
2025-10-11 15:20:13,687 - success - INFO - 保存关系文件: 316 个
2025-10-11 15:20:13,711 - success - INFO - graphrag_relationships 重建:316条
2025-10-11 15:20:13,711 - RagRouter_控烟_2025-10-11 - INFO - [Pipeline] [4/4] 开始处理文本元数据
2025-10-11 15:20:13,716 - RagRouter_控烟_2025-10-11 - INFO - [EmbeddingGenerator] 开始生成 12 个文本标签向量
2025-10-11 15:20:13,996 - success - INFO - 文本标签向量生成完成 - 成功:12/12
2025-10-11 15:20:14,003 - success - INFO - 文本表准备完成 - 共 12 条
2025-10-11 15:20:14,016 - success - INFO - graphrag_texts 重建:12条
2025-10-11 15:20:14,045 - success - INFO - 映射更新完成 - 实体:174, 关系:316, 文档:1
2025-10-11 15:20:14,046 - success - INFO - 向量化处理完成 - 主题:控烟
2025-10-11 15:20:14,072 - success - INFO - 处理总结 - 文本:12, 文档:1, 实体文件:1, 关系文件:1
2025-10-11 15:20:14,072 - success - INFO - 向量库 normalrag: 94 条记录
2025-10-11 15:20:14,073 - success - INFO - 向量库 graphrag_texts: 12 条记录
2025-10-11 15:20:14,073 - success - INFO - 向量库 graphrag_entities: 174 条记录
2025-10-11 15:20:14,073 - success - INFO - 向量库 graphrag_relationships: 316 条记录
2025-10-11 15:20:14,074 - success - INFO - 处理完成 - 主题: 控烟
2025-10-11 15:24:13,117 - RagRouter_控烟_2025-10-11 - INFO - [RagRouter] 开始向量化 - 主题: 控烟
2025-10-11 15:24:13,125 - success - INFO - 使用主题 '控烟' 的提示词配置
2025-10-11 15:24:13,125 - success - INFO - 加载提示词配置: D:\PythonProject\OpinionSystem\configs\prompt\ragrouter\控烟.yaml
2025-10-11 15:24:13,125 - success - INFO - 连接数据库: D:\PythonProject\OpinionSystem\src\utils\rag\ragrouter\控烟数据库\vector_db
2025-10-11 15:24:13,132 - RagRouter_控烟_2025-10-11 - INFO - [Pipeline] 开始向量化处理 - 主题:控烟
2025-10-11 15:24:13,133 - RagRouter_控烟_2025-10-11 - INFO - [TextProcessor] 开始文本处理与映射构建
2025-10-11 15:24:13,135 - success - INFO - 发现 12 个文本文件
2025-10-11 15:24:13,135 - success - INFO - 文档分组完成 - 共 1 个文档
2025-10-11 15:24:13,135 - success - INFO - 检测到新增文档: 1 个
2025-10-11 15:24:13,138 - success - INFO - doc1 - 20250922鲁迅夹烟墙画被投诉事件舆情分析报告 - 文本块:12, 长度:5273
2025-10-11 15:24:13,138 - RagRouter_控烟_2025-10-11 - INFO - [TextProcessor] 开始切割句子
2025-10-11 15:24:13,152 - success - INFO - 句子切割完成 - 新增:94, 总计:94
2025-10-11 15:24:13,153 - RagRouter_控烟_2025-10-11 - INFO - [TextProcessor] 保存映射文件
2025-10-11 15:24:13,154 - success - INFO - 映射文件已保存 - 文档:1, 文本:12
2025-10-11 15:24:13,155 - success - INFO - 文本处理完成 - 文档:1, 文本块:12
2025-10-11 15:24:14,308 - success - INFO - doc1 时间范围: - 2025年9月22日
2025-10-11 15:24:14,320 - RagRouter_控烟_2025-10-11 - INFO - [EntityExtractor] 开始实体关系提取 - 文件数:12
2025-10-11 15:24:15,315 - success - INFO - 标签生成 - text7: - "分析鲁迅纪念馆夹烟墙事件舆情关键词与公众争议焦点"
2025-10-11 15:24:15,504 - success - INFO - 标签生成 - text2: - "评述‘鲁迅夹烟墙画被投诉’事件反映的控烟传播困境与文化叙事挑战"
2025-10-11 15:24:15,536 - success - INFO - 标签生成 - text9: - "探讨短视频平台如何通过场景化叙事呈现鲁迅纪念馆吸烟打卡事件及其对青少年影响的公共讨论"
2025-10-11 15:24:15,628 - success - INFO - 标签生成 - text10: - "揭示了微博作为舆论主战场在文化遗产争议事件中的极化传播机制与情绪动员特征"
2025-10-11 15:24:15,802 - success - INFO - 标签生成 - text5: - "描述了2023年8月因游客投诉墙画引发的争议性舆情走势及其快速消退特征"
2025-10-11 15:24:15,846 - success - INFO - 标签生成 - text12: - "提出通过国际案例借鉴与场景化教育实现控烟叙事平衡，倡导在尊重历史的同时推行无烟理念"
2025-10-11 15:24:16,115 - success - INFO - 标签生成 - text1: - "描述了2025年鲁迅纪念馆夹烟墙画被投诉事件及其引发的文化传承与公共健康叙事冲突的舆论争议"
2025-10-11 15:24:16,115 - success - INFO - 标签生成 - text6: - "分析了公众对孙女士投诉事件的负面舆情，指出负面情绪主要针对投诉者而非控烟或鲁迅故里，并揭示媒体
2025-10-11 15:24:16,158 - success - INFO - 标签生成 - text3: - "分析了2025年8月22日至9月7日一场以控烟为名义引发的文化议题舆论事件"
2025-10-11 15:24:16,203 - success - INFO - 标签生成 - text4: - "描述了2025年8月22日至9月7日关于‘鲁迅夹烟墙画投诉’的舆情数据采集情况及各平台传播占比
2025-10-11 15:24:16,241 - success - INFO - 标签生成 - text8: - "分析了鲁迅吸烟形象争议背后的公共话语冲突，揭示历史真实与叙事美颜、投诉合理性的边界之争"
2025-10-11 15:24:17,569 - success - INFO - 标签生成 - text11: - "聚焦绍兴鲁迅纪念馆墙画夹烟形象引发的争议及其对青少年影响的舆论讨论"  
- "揭示新闻媒体在
2025-10-11 15:24:56,709 - success - INFO - 阶段1完成 - 共提取 245 个实体
2025-10-11 15:24:56,709 - RagRouter_控烟_2025-10-11 - INFO - [EntityExtractor] 开始阶段2 - 提取关系
2025-10-11 15:26:05,677 - success - INFO - 阶段2完成 - 共提取 204 个关系
2025-10-11 15:26:05,677 - RagRouter_控烟_2025-10-11 - INFO - [EntityExtractor] 准备当前批次的原始数据
2025-10-11 15:26:05,677 - success - INFO - 当前批次原始数据 - 实体:245, 关系:204
2025-10-11 15:26:05,677 - success - INFO - 实体关系提取完成 - 实体:245, 关系:204
2025-10-11 15:26:05,687 - success - INFO - Token统计 - 调用:37, 输入:22831, 输出:23241
2025-10-11 15:26:05,689 - RagRouter_控烟_2025-10-11 - INFO - [Pipeline] [1/4] 开始生成句子向量
2025-10-11 15:26:05,700 - success - INFO - 准备向量化 94 个新句子
2025-10-11 15:26:05,700 - RagRouter_控烟_2025-10-11 - INFO - [EmbeddingGenerator] 开始生成 94 个句子向量
2025-10-11 15:26:08,508 - success - INFO - 句子向量生成完成 - 成功:94/94
2025-10-11 15:26:08,545 - success - INFO - normalrag 重建:94条
2025-10-11 15:26:08,545 - RagRouter_控烟_2025-10-11 - INFO - [Pipeline] [2/4] 开始处理实体向量（增量+去重）
2025-10-11 15:26:08,557 - success - INFO - 实体去重完成 - 唯一: 200, 去除: 45
2025-10-11 15:26:08,559 - success - INFO - 实体向量化规划 - 需要:200, 已有:0
2025-10-11 15:26:08,559 - RagRouter_控烟_2025-10-11 - INFO - [EmbeddingGenerator] 开始生成 200 个实体名称向量
2025-10-11 15:26:16,036 - success - INFO - 实体名称向量生成完成 - 成功:200/200
2025-10-11 15:26:16,041 - RagRouter_控烟_2025-10-11 - INFO - [EmbeddingGenerator] 开始生成 200 个实体描述向量
2025-10-11 15:26:22,470 - success - INFO - 实体描述向量生成完成 - 成功:199/200
2025-10-11 15:26:22,470 - success - INFO - 实体准备完成 - 数量: 199, ID范围: 1-199
2025-10-11 15:26:22,483 - success - INFO - 保存实体文件: 199 个
2025-10-11 15:26:22,507 - success - INFO - graphrag_entities 重建:199条
2025-10-11 15:26:22,508 - RagRouter_控烟_2025-10-11 - INFO - [Pipeline] [3/4] 开始处理关系向量（增量+去重）
2025-10-11 15:26:22,509 - success - INFO - 关系去重完成 - 唯一: 181, 去除: 4, 过滤: 19
2025-10-11 15:26:22,511 - success - INFO - 关系向量化规划 - 需要:181, 已有:0
2025-10-11 15:26:22,511 - RagRouter_控烟_2025-10-11 - INFO - [EmbeddingGenerator] 开始生成 181 个关系向量
2025-10-11 15:26:28,781 - success - INFO - 关系向量生成完成 - 成功:181/181
2025-10-11 15:26:28,789 - success - INFO - 关系准备完成 - 数量: 181, ID范围: 1-181
2025-10-11 15:26:28,794 - success - INFO - 保存关系文件: 181 个
2025-10-11 15:26:28,812 - success - INFO - graphrag_relationships 重建:181条
2025-10-11 15:26:28,813 - RagRouter_控烟_2025-10-11 - INFO - [Pipeline] [4/4] 开始处理文本元数据
2025-10-11 15:26:28,814 - RagRouter_控烟_2025-10-11 - INFO - [EmbeddingGenerator] 开始生成 12 个文本标签向量
2025-10-11 15:26:30,109 - success - INFO - 文本标签向量生成完成 - 成功:12/12
2025-10-11 15:26:30,109 - success - INFO - 文本表准备完成 - 共 12 条
2025-10-11 15:26:30,128 - success - INFO - graphrag_texts 重建:12条
2025-10-11 15:26:30,153 - success - INFO - 映射更新完成 - 实体:199, 关系:181, 文档:1
2025-10-11 15:26:30,154 - success - INFO - 向量化处理完成 - 主题:控烟
2025-10-11 15:26:30,179 - success - INFO - 处理总结 - 文本:12, 文档:1, 实体文件:1, 关系文件:1
2025-10-11 15:26:30,179 - success - INFO - 向量库 normalrag: 94 条记录
2025-10-11 15:26:30,179 - success - INFO - 向量库 graphrag_texts: 12 条记录
2025-10-11 15:26:30,179 - success - INFO - 向量库 graphrag_entities: 199 条记录
2025-10-11 15:26:30,180 - success - INFO - 向量库 graphrag_relationships: 181 条记录
2025-10-11 15:26:30,182 - success - INFO - 处理完成 - 主题: 控烟
2025-10-11 15:28:32,784 - RagRouter_控烟_2025-10-11 - INFO - [RagRouter] 开始向量化 - 主题: 控烟
2025-10-11 15:28:32,784 - success - INFO - 使用主题 '控烟' 的提示词配置
2025-10-11 15:28:32,784 - success - INFO - 加载提示词配置: D:\PythonProject\OpinionSystem\configs\prompt\ragrouter\控烟.yaml
2025-10-11 15:28:32,798 - success - INFO - 连接数据库: D:\PythonProject\OpinionSystem\src\utils\rag\ragrouter\控烟数据库\vector_db
2025-10-11 15:28:32,801 - RagRouter_控烟_2025-10-11 - INFO - [Pipeline] 开始向量化处理 - 主题:控烟
2025-10-11 15:28:32,801 - RagRouter_控烟_2025-10-11 - INFO - [TextProcessor] 开始文本处理与映射构建
2025-10-11 15:28:32,803 - success - INFO - 发现 30 个文本文件
2025-10-11 15:28:32,803 - success - INFO - 文档分组完成 - 共 2 个文档
2025-10-11 15:28:32,803 - success - INFO - 检测到新增文档: 1 个
2025-10-11 15:28:32,851 - success - INFO - doc2 - 2024十大控烟事件 - 文本块:18, 长度:1855
2025-10-11 15:28:32,851 - RagRouter_控烟_2025-10-11 - INFO - [TextProcessor] 开始切割句子
2025-10-11 15:28:32,851 - success - INFO - 句子切割完成 - 新增:43, 总计:137
2025-10-11 15:28:32,851 - RagRouter_控烟_2025-10-11 - INFO - [TextProcessor] 保存映射文件
2025-10-11 15:28:32,866 - success - INFO - 映射文件已保存 - 文档:2, 文本:30
2025-10-11 15:28:32,867 - success - INFO - 文本处理完成 - 文档:2, 文本块:30
2025-10-11 15:28:33,652 - success - INFO - doc2 时间范围: 2024年
2025-10-11 15:28:33,664 - RagRouter_控烟_2025-10-11 - INFO - [EntityExtractor] 开始实体关系提取 - 文件数:18
2025-10-11 15:28:34,626 - success - INFO - 标签生成 - text26: "概述了2024年多地控烟法规修订的主要内容及重点场所禁烟范围的扩展"
2025-10-11 15:28:34,819 - success - INFO - 标签生成 - text28: "描述了2024年末国务院修改公共场所卫生管理条例引发的控烟立法讨论及专家建议"
2025-10-11 15:28:34,934 - success - INFO - 标签生成 - text13: "描述了2024年12月徐娇长沙劝烟事件引发的法律漏洞争议及公众对全国性控烟立法的呼吁"
2025-10-11 15:28:34,960 - success - INFO - 标签生成 - text17: - "描述了2024年北京、深圳等地控烟法规修订及智慧控烟手段应用，推动吸烟率下降并提前实现2030
2025-10-11 15:28:35,004 - success - INFO - 标签生成 - text30: "概述了2024年全球贸易政策与监管变化对烟草行业特别是电子烟国际市场的影响"
2025-10-11 15:28:35,062 - success - INFO - 标签生成 - text14: - "揭示2024年底控烟政策调整引发的争议及全国统一立法呼声上升"
2025-10-11 15:28:35,164 - success - INFO - 标签生成 - text15: - "描述了2024年4月起‘烟卡’在中小学生中流行及5月相关部门开展治理行动的监管难题"
2025-10-11 15:28:35,229 - success - INFO - 标签生成 - text29: "描述了2024年多地将电子烟纳入公共场所禁烟范围的政策进展及上海市的具体实施规定"
2025-10-11 15:28:35,316 - success - INFO - 标签生成 - text22: - "揭示了中国控烟职能与烟草生产管理政企不分的体制矛盾及改革呼声"
2025-10-11 15:28:35,349 - success - INFO - 标签生成 - text21: "介绍了深圳、上海等地运用小程序和电子监测技术推动控烟从被动管理转向主动治理的创新实践"
2025-10-11 15:28:35,351 - success - INFO - 标签生成 - text25: - "聚焦2024年世界无烟日保护青少年免受烟草及电子烟危害的全球行动与立法应对"
2025-10-11 15:28:35,530 - success - INFO - 标签生成 - text23: "概述了2024年全球电子烟监管趋严的态势，包括美国批准非烟草口味电子烟与多国禁售一次性电子烟的立法
2025-10-11 15:28:35,596 - success - INFO - 标签生成 - text19: - "聚焦2024年世界无烟日青少年控烟议题，揭示电子烟在未成年人中流行率上升及营销监管漏洞，呼吁加
2025-10-11 15:28:35,650 - success - INFO - 标签生成 - text20: - "描述了2024年财政部提高烟草税引发的价格上涨、消费者囤烟现象及对低收入群体的影响，同时涉及烟
2025-10-11 15:28:35,966 - success - INFO - 标签生成 - text18: "描述了中国多地将电子烟纳入禁烟范围及加强监管的举措，揭示了未成年人获取电子烟的漏洞与监管博弈问题"
2025-10-11 15:28:36,186 - success - INFO - 标签生成 - text24: "描述了2024年上海控烟执法行动的重点场所、市民参与机制及控烟成效"
2025-10-11 15:28:36,212 - success - INFO - 标签生成 - text16: - "介绍了上海发布室外二手烟控制政策及建成300个吸烟示范点的举措"  
- "指出上海控烟三部曲
2025-10-11 15:28:40,099 - success - INFO - 标签生成 - text27: - "描述了2024年烟草税上调引发的价格上涨、消费者反应及烟草企业向健康产业转型的行业变化"
2025-10-11 15:28:53,653 - success - INFO - 阶段1完成 - 共提取 395 个实体
2025-10-11 15:28:53,653 - RagRouter_控烟_2025-10-11 - INFO - [EntityExtractor] 开始阶段2 - 提取关系
2025-10-11 15:29:16,472 - success - INFO - 阶段2完成 - 共提取 349 个关系
2025-10-11 15:29:16,472 - RagRouter_控烟_2025-10-11 - INFO - [EntityExtractor] 准备当前批次的原始数据
2025-10-11 15:29:16,472 - success - INFO - 当前批次原始数据 - 实体:196, 关系:168
2025-10-11 15:29:16,484 - success - INFO - 实体关系提取完成 - 实体:395, 关系:349
2025-10-11 15:29:16,485 - success - INFO - Token统计 - 调用:55, 输入:21706, 输出:17734
2025-10-11 15:29:16,485 - RagRouter_控烟_2025-10-11 - INFO - [Pipeline] [1/4] 开始生成句子向量
2025-10-11 15:29:16,485 - success - INFO - 准备向量化 43 个新句子
2025-10-11 15:29:16,499 - RagRouter_控烟_2025-10-11 - INFO - [EmbeddingGenerator] 开始生成 43 个句子向量
2025-10-11 15:29:17,974 - success - INFO - 句子向量生成完成 - 成功:43/43
2025-10-11 15:29:18,036 - success - INFO - normalrag 追加:43条 (总计:137)
2025-10-11 15:29:18,036 - RagRouter_控烟_2025-10-11 - INFO - [Pipeline] [2/4] 开始处理实体向量（增量+去重）
2025-10-11 15:29:18,036 - success - INFO - 读取已有实体: 199 个
2025-10-11 15:29:18,036 - success - INFO - 实体去重完成 - 唯一: 360, 去除: 35
2025-10-11 15:29:18,155 - success - INFO - 读取已有实体向量: 199 个
2025-10-11 15:29:18,155 - success - INFO - 实体向量化规划 - 需要:155, 已有:205
2025-10-11 15:29:18,155 - RagRouter_控烟_2025-10-11 - INFO - [EmbeddingGenerator] 开始生成 155 个实体名称向量
2025-10-11 15:29:24,375 - success - INFO - 实体名称向量生成完成 - 成功:155/155
2025-10-11 15:29:24,375 - RagRouter_控烟_2025-10-11 - INFO - [EmbeddingGenerator] 开始生成 155 个实体描述向量
2025-10-11 15:29:29,410 - success - INFO - 实体描述向量生成完成 - 成功:155/155
2025-10-11 15:29:29,428 - success - INFO - 实体准备完成 - 数量: 360, ID范围: 1-360
2025-10-11 15:29:29,436 - success - INFO - 保存实体文件: 360 个
2025-10-11 15:29:29,480 - success - INFO - graphrag_entities 重建:360条
2025-10-11 15:29:29,480 - RagRouter_控烟_2025-10-11 - INFO - [Pipeline] [3/4] 开始处理关系向量（增量+去重）
2025-10-11 15:29:29,480 - success - INFO - 读取已有关系: 181 个
2025-10-11 15:29:29,480 - success - INFO - 关系去重完成 - 唯一: 322, 去除: 3, 过滤: 24
2025-10-11 15:29:29,517 - success - INFO - 读取已有关系向量: 181 个
2025-10-11 15:29:29,518 - success - INFO - 关系向量化规划 - 需要:141, 已有:181
2025-10-11 15:29:29,519 - RagRouter_控烟_2025-10-11 - INFO - [EmbeddingGenerator] 开始生成 141 个关系向量
2025-10-11 15:29:34,570 - success - INFO - 关系向量生成完成 - 成功:141/141
2025-10-11 15:29:34,577 - success - INFO - 关系准备完成 - 数量: 322, ID范围: 1-322
2025-10-11 15:29:34,584 - success - INFO - 保存关系文件: 322 个
2025-10-11 15:29:34,605 - success - INFO - graphrag_relationships 重建:322条
2025-10-11 15:29:34,605 - RagRouter_控烟_2025-10-11 - INFO - [Pipeline] [4/4] 开始处理文本元数据
2025-10-11 15:29:34,607 - RagRouter_控烟_2025-10-11 - INFO - [EmbeddingGenerator] 开始生成 30 个文本标签向量
2025-10-11 15:29:36,041 - success - INFO - 文本标签向量生成完成 - 成功:30/30
2025-10-11 15:29:36,046 - success - INFO - 文本表准备完成 - 共 30 条
2025-10-11 15:29:36,058 - success - INFO - graphrag_texts 追加:30条 (总计:42)
2025-10-11 15:29:36,090 - success - INFO - 映射更新完成 - 实体:360, 关系:322, 文档:2
2025-10-11 15:29:36,091 - success - INFO - 向量化处理完成 - 主题:控烟
2025-10-11 15:29:36,120 - success - INFO - 处理总结 - 文本:30, 文档:2, 实体文件:1, 关系文件:1
2025-10-11 15:29:36,120 - success - INFO - 向量库 normalrag: 137 条记录
2025-10-11 15:29:36,120 - success - INFO - 向量库 graphrag_texts: 42 条记录
2025-10-11 15:29:36,120 - success - INFO - 向量库 graphrag_entities: 360 条记录
2025-10-11 15:29:36,121 - success - INFO - 向量库 graphrag_relationships: 322 条记录
2025-10-11 15:29:36,122 - success - INFO - 处理完成 - 主题: 控烟
2025-10-11 15:38:45,521 - RagRouter_控烟_2025-10-11 - INFO - [RagRouter] 开始向量化 - 主题: 控烟
2025-10-11 15:38:45,521 - success - INFO - 使用主题 '控烟' 的提示词配置
2025-10-11 15:38:45,521 - success - INFO - 加载提示词配置: D:\PythonProject\OpinionSystem\configs\prompt\ragrouter\控烟.yaml
2025-10-11 15:38:45,521 - success - INFO - 连接数据库: D:\PythonProject\OpinionSystem\src\utils\rag\ragrouter\控烟数据库\vector_db
2025-10-11 15:38:45,536 - RagRouter_控烟_2025-10-11 - INFO - [Pipeline] 开始向量化处理 - 主题:控烟
2025-10-11 15:38:45,537 - RagRouter_控烟_2025-10-11 - INFO - [TextProcessor] 开始文本处理与映射构建
2025-10-11 15:38:45,538 - success - INFO - 发现 12 个文本文件
2025-10-11 15:38:45,538 - success - INFO - 文档分组完成 - 共 1 个文档
2025-10-11 15:38:45,539 - success - INFO - 检测到新增文档: 1 个
2025-10-11 15:38:45,541 - success - INFO - doc1 - 20250922鲁迅夹烟墙画被投诉事件舆情分析报告 - 文本块:12, 长度:5273
2025-10-11 15:38:45,542 - RagRouter_控烟_2025-10-11 - INFO - [TextProcessor] 开始切割句子
2025-10-11 15:38:45,555 - success - INFO - 句子切割完成 - 新增:94, 总计:94
2025-10-11 15:38:45,555 - RagRouter_控烟_2025-10-11 - INFO - [TextProcessor] 保存映射文件
2025-10-11 15:38:45,556 - success - INFO - 映射文件已保存 - 文档:1, 文本:12
2025-10-11 15:38:45,557 - success - INFO - 文本处理完成 - 文档:1, 文本块:12
2025-10-11 15:38:46,274 - success - INFO - doc1 时间范围: - 2025年9月22日
2025-10-11 15:38:46,282 - RagRouter_控烟_2025-10-11 - INFO - [EntityExtractor] 开始实体关系提取 - 文件数:12
2025-10-11 15:38:47,307 - success - INFO - 标签生成 - text7: - "分析鲁迅纪念馆夹烟墙事件舆情关键词及公众对青少年误导与文化尊重的争议焦点"
2025-10-11 15:38:47,546 - success - INFO - 标签生成 - text5: - "描述了2023年8月墙画争议事件的舆论走势及公众反应焦点"
2025-10-11 15:38:47,603 - success - INFO - 标签生成 - text10: - "揭示了微博作为舆论主战场在文化遗产争议事件中的极化传播机制与情绪动员特征"
2025-10-11 15:38:47,686 - success - INFO - 标签生成 - text9: - "探讨了短视频平台如何通过场景化叙事呈现鲁迅纪念馆‘夹烟打卡’事件及其对青少年影响的公共讨论"
2025-10-11 15:38:47,803 - success - INFO - 标签生成 - text1: - "描述了2025年鲁迅纪念馆夹烟墙画被投诉事件及其引发的文化传承与公共健康叙事冲突的舆论争议"
2025-10-11 15:38:47,837 - success - INFO - 标签生成 - text12: - "提出通过国际案例借鉴与场景化教育实现控烟宣传的内容创新，倡导在尊重历史的同时推进公共健康意识"
2025-10-11 15:38:47,943 - success - INFO - 标签生成 - text4: - "描述了2025年8月22日至9月7日关于‘鲁迅夹烟墙画投诉’的网络舆情数据采集情况，显示自媒体
2025-10-11 15:38:47,959 - success - INFO - 标签生成 - text8: - "分析了鲁迅吸烟形象争议背后的公共话语冲突，揭示历史真实与选择性美化、投诉合理性的舆论博弈"
2025-10-11 15:38:48,738 - success - INFO - 标签生成 - text3: - "分析了2025年8月至9月间一场以控烟为名义但引发文化审查争议的舆论事件"
2025-10-11 15:38:48,965 - success - INFO - 标签生成 - text6: - "分析了公众对孙女士投诉事件的负面舆情，指出负面情绪主要针对投诉者而非控烟或鲁迅故里，并揭示媒体
2025-10-11 15:38:49,143 - success - INFO - 标签生成 - text11: - "聚焦绍兴鲁迅纪念馆墙画夹烟形象引发的争议及其对青少年影响的舆论讨论"  
- "揭示新闻媒体在
2025-10-11 15:38:49,182 - success - INFO - 标签生成 - text2: - "评述了‘鲁迅夹烟墙画被投诉’事件反映的控烟传播困境与社会文化心理"
2025-10-11 15:39:19,552 - success - INFO - 阶段1完成 - 共提取 218 个实体
2025-10-11 15:39:19,562 - RagRouter_控烟_2025-10-11 - INFO - [EntityExtractor] 开始阶段2 - 提取关系
2025-10-11 15:40:00,076 - success - INFO - 阶段2完成 - 共提取 191 个关系
2025-10-11 15:40:00,081 - RagRouter_控烟_2025-10-11 - INFO - [EntityExtractor] 准备当前批次的原始数据
2025-10-11 15:40:00,081 - success - INFO - 当前批次原始数据 - 实体:218, 关系:191
2025-10-11 15:40:00,084 - success - INFO - 实体关系提取完成 - 实体:218, 关系:191
2025-10-11 15:40:00,086 - success - INFO - Token统计 - 调用:37, 输入:22591, 输出:20959
2025-10-11 15:40:00,087 - RagRouter_控烟_2025-10-11 - INFO - [Pipeline] [1/4] 开始生成句子向量
2025-10-11 15:40:00,088 - success - INFO - 准备向量化 94 个新句子
2025-10-11 15:40:00,088 - RagRouter_控烟_2025-10-11 - INFO - [EmbeddingGenerator] 开始生成 94 个句子向量
2025-10-11 15:40:04,000 - success - INFO - 句子向量生成完成 - 成功:94/94
2025-10-11 15:40:04,034 - success - INFO - normalrag 重建:94条
2025-10-11 15:40:04,034 - RagRouter_控烟_2025-10-11 - INFO - [Pipeline] [2/4] 开始处理实体向量（增量+去重）
2025-10-11 15:40:04,039 - success - INFO - 实体去重 - 唯一:178, 去除:40
2025-10-11 15:40:04,040 - success - INFO - 实体向量 - 新增:178, 复用:0
2025-10-11 15:40:04,040 - RagRouter_控烟_2025-10-11 - INFO - [EmbeddingGenerator] 开始生成 178 个实体名称向量
2025-10-11 15:40:10,373 - success - INFO - 实体名称向量生成完成 - 成功:178/178
2025-10-11 15:40:10,379 - RagRouter_控烟_2025-10-11 - INFO - [EmbeddingGenerator] 开始生成 178 个实体描述向量
2025-10-11 15:40:16,789 - success - INFO - 实体描述向量生成完成 - 成功:178/178
2025-10-11 15:40:16,797 - success - INFO - 实体入库 - 数量:178, ID:1-178
2025-10-11 15:40:16,801 - success - INFO - 保存实体文件: 178 个
2025-10-11 15:40:16,827 - success - INFO - graphrag_entities 重建:178条
2025-10-11 15:40:16,827 - RagRouter_控烟_2025-10-11 - INFO - [Pipeline] [3/4] 开始处理关系向量（增量+去重）
2025-10-11 15:40:16,831 - success - INFO - 关系去重 - 唯一:170, 去除:5, 过滤:16
2025-10-11 15:40:16,833 - success - INFO - 关系向量 - 新增:170, 复用:0
2025-10-11 15:40:16,834 - RagRouter_控烟_2025-10-11 - INFO - [EmbeddingGenerator] 开始生成 170 个关系向量
2025-10-11 15:40:22,065 - success - INFO - 关系向量生成完成 - 成功:170/170
2025-10-11 15:40:22,073 - success - INFO - 关系入库 - 数量:170, ID:1-170
2025-10-11 15:40:22,078 - success - INFO - 保存关系文件: 170 个
2025-10-11 15:40:22,096 - success - INFO - graphrag_relationships 重建:170条
2025-10-11 15:40:22,097 - RagRouter_控烟_2025-10-11 - INFO - [Pipeline] [4/4] 开始处理文本元数据
2025-10-11 15:40:22,099 - success - INFO - 新批次文本: 12个
2025-10-11 15:40:22,099 - RagRouter_控烟_2025-10-11 - INFO - [EmbeddingGenerator] 开始生成 12 个文本标签向量
2025-10-11 15:40:23,790 - success - INFO - 文本标签向量生成完成 - 成功:12/12
2025-10-11 15:40:23,794 - success - INFO - 新批次文本表: 12条
2025-10-11 15:40:23,805 - success - INFO - graphrag_texts 重建:12条
2025-10-11 15:40:23,832 - success - INFO - 映射更新完成 - 实体:178, 关系:170, 文档:1
2025-10-11 15:40:23,832 - success - INFO - 向量化处理完成 - 主题:控烟
2025-10-11 15:40:23,860 - success - INFO - 处理总结 - 文本:12, 文档:1, 实体文件:1, 关系文件:1
2025-10-11 15:40:23,860 - success - INFO - 向量库 normalrag: 94 条记录
2025-10-11 15:40:23,860 - success - INFO - 向量库 graphrag_texts: 12 条记录
2025-10-11 15:40:23,860 - success - INFO - 向量库 graphrag_entities: 178 条记录
2025-10-11 15:40:23,860 - success - INFO - 向量库 graphrag_relationships: 170 条记录
2025-10-11 15:40:23,862 - success - INFO - 处理完成 - 主题: 控烟
2025-10-11 15:41:04,491 - RagRouter_控烟_2025-10-11 - INFO - [RagRouter] 开始向量化 - 主题: 控烟
2025-10-11 15:41:04,494 - success - INFO - 使用主题 '控烟' 的提示词配置
2025-10-11 15:41:04,496 - success - INFO - 加载提示词配置: D:\PythonProject\OpinionSystem\configs\prompt\ragrouter\控烟.yaml
2025-10-11 15:41:04,499 - success - INFO - 连接数据库: D:\PythonProject\OpinionSystem\src\utils\rag\ragrouter\控烟数据库\vector_db
2025-10-11 15:41:04,501 - RagRouter_控烟_2025-10-11 - INFO - [Pipeline] 开始向量化处理 - 主题:控烟
2025-10-11 15:41:04,501 - RagRouter_控烟_2025-10-11 - INFO - [TextProcessor] 开始文本处理与映射构建
2025-10-11 15:41:04,503 - success - INFO - 发现 30 个文本文件
2025-10-11 15:41:04,503 - success - INFO - 文档分组完成 - 共 2 个文档
2025-10-11 15:41:04,504 - success - INFO - 检测到新增文档: 1 个
2025-10-11 15:41:04,540 - success - INFO - doc2 - 2024十大控烟事件 - 文本块:18, 长度:1855
2025-10-11 15:41:04,541 - RagRouter_控烟_2025-10-11 - INFO - [TextProcessor] 开始切割句子
2025-10-11 15:41:04,553 - success - INFO - 句子切割完成 - 新增:43, 总计:137
2025-10-11 15:41:04,553 - RagRouter_控烟_2025-10-11 - INFO - [TextProcessor] 保存映射文件
2025-10-11 15:41:04,554 - success - INFO - 映射文件已保存 - 文档:2, 文本:30
2025-10-11 15:41:04,556 - success - INFO - 文本处理完成 - 文档:2, 文本块:30
2025-10-11 15:41:05,162 - success - INFO - doc2 时间范围: 2024年
2025-10-11 15:41:05,165 - RagRouter_控烟_2025-10-11 - INFO - [EntityExtractor] 开始实体关系提取 - 文件数:18
2025-10-11 15:41:06,343 - success - INFO - 标签生成 - text14: - "描述了2024年底国务院调整公共场所定义引发的控烟政策争议及全国统一立法呼声"
2025-10-11 15:41:06,364 - success - INFO - 标签生成 - text28: "描述了2024年末国务院修改公共场所卫生管理条例引发的全国控烟立法讨论及专家建议"
2025-10-11 15:41:06,365 - success - INFO - 标签生成 - text22: "指出工信部与烟草专卖局政企合一的控烟困局及专家呼吁职能分离"
2025-10-11 15:41:06,403 - success - INFO - 标签生成 - text30: "探讨了2024年全球贸易政策与电子烟禁令对烟草行业国际市场的双重影响"
2025-10-11 15:41:06,439 - success - INFO - 标签生成 - text26: "描述了2024年多地修订控烟法规的主要内容及重点场所禁烟范围的扩展"
2025-10-11 15:41:06,472 - success - INFO - 标签生成 - text24: "描述了2024年上海控烟执法行动的重点场所、市民参与机制及公共支持度提升成效"
2025-10-11 15:41:06,481 - success - INFO - 标签生成 - text27: "描述了2024年烟草税上调引发的价格上涨、消费者反应及烟草企业向健康产业转型的行业变化"
2025-10-11 15:41:06,508 - success - INFO - 标签生成 - text20: "描述了2024年烟草税上调引发的价格上涨、消费者反应及企业转型争议"
2025-10-11 15:41:06,594 - success - INFO - 标签生成 - text23: "概述了2024年全球电子烟监管趋严，包括美国批准非烟草口味电子烟及欧洲多国禁售一次性电子烟的政策动
2025-10-11 15:41:06,613 - success - INFO - 标签生成 - text18: "描述了中国多地将电子烟纳入禁烟范围的政策进展及监管与未成年人保护之间的持续博弈"
2025-10-11 15:41:06,616 - success - INFO - 标签生成 - text25: "聚焦2024年世界无烟日青少年烟草防控，揭示全球电子烟使用上升趋势及多国立法应对举措"
2025-10-11 15:41:06,676 - success - INFO - 标签生成 - text19: - "聚焦2024年世界无烟日青少年控烟议题，揭示电子烟在未成年人中流行加剧及需强化立法监管"
2025-10-11 15:41:06,784 - success - INFO - 标签生成 - text15: - "揭示了2024年‘烟卡’在中小学生中流行及其引发的烟草文化诱导问题，反映专项治理成效与监管执行
2025-10-11 15:41:06,847 - success - INFO - 标签生成 - text17: "描述了2024年北京、深圳等地控烟法规修订及智慧控烟手段应用，吸烟率显著下降并提前实现2030目标
2025-10-11 15:41:06,868 - success - INFO - 标签生成 - text29: "描述了2024年多地将电子烟纳入公共场所禁烟范围的政策进展及执法加强措施"
2025-10-11 15:41:06,873 - success - INFO - 标签生成 - text13: - "描述了2024年12月徐娇长沙劝阻吸烟事件及其引发的控烟法律漏洞争议与立法呼吁"
2025-10-11 15:41:06,955 - success - INFO - 标签生成 - text21: - "介绍了深圳、上海等地利用小程序和电子哨兵等技术手段推进控烟监督与治理的创新实践"
2025-10-11 15:41:06,974 - success - INFO - 标签生成 - text16: - "介绍了上海发布室外二手烟控制政策及建成300个吸烟示范点的举措"
2025-10-11 15:41:27,762 - success - INFO - 阶段1完成 - 共提取 375 个实体
2025-10-11 15:41:27,762 - RagRouter_控烟_2025-10-11 - INFO - [EntityExtractor] 开始阶段2 - 提取关系
2025-10-11 15:41:56,160 - success - INFO - 阶段2完成 - 共提取 330 个关系
2025-10-11 15:41:56,160 - RagRouter_控烟_2025-10-11 - INFO - [EntityExtractor] 准备当前批次的原始数据
2025-10-11 15:41:56,166 - success - INFO - 当前批次原始数据 - 实体:197, 关系:160
2025-10-11 15:41:56,167 - success - INFO - 实体关系提取完成 - 实体:375, 关系:330
2025-10-11 15:41:56,169 - success - INFO - Token统计 - 调用:55, 输入:21703, 输出:17671
2025-10-11 15:41:56,170 - RagRouter_控烟_2025-10-11 - INFO - [Pipeline] [1/4] 开始生成句子向量
2025-10-11 15:41:56,179 - success - INFO - 准备向量化 43 个新句子
2025-10-11 15:41:56,179 - RagRouter_控烟_2025-10-11 - INFO - [EmbeddingGenerator] 开始生成 43 个句子向量
2025-10-11 15:41:57,702 - success - INFO - 句子向量生成完成 - 成功:43/43
2025-10-11 15:41:57,739 - success - INFO - normalrag 追加:43条 (总计:137)
2025-10-11 15:41:57,740 - RagRouter_控烟_2025-10-11 - INFO - [Pipeline] [2/4] 开始处理实体向量（增量+去重）
2025-10-11 15:41:57,740 - success - INFO - 读取已有实体: 178 个
2025-10-11 15:41:57,740 - success - INFO - 实体去重 - 唯一:338, 去除:37
2025-10-11 15:41:57,770 - success - INFO - 实体向量 - 新增:160, 复用:178
2025-10-11 15:41:57,770 - RagRouter_控烟_2025-10-11 - INFO - [EmbeddingGenerator] 开始生成 160 个实体名称向量
2025-10-11 15:42:02,981 - success - INFO - 实体名称向量生成完成 - 成功:160/160
2025-10-11 15:42:02,984 - RagRouter_控烟_2025-10-11 - INFO - [EmbeddingGenerator] 开始生成 160 个实体描述向量
2025-10-11 15:42:09,374 - success - INFO - 实体描述向量生成完成 - 成功:160/160
2025-10-11 15:42:09,384 - success - INFO - 实体入库 - 数量:338, ID:1-338
2025-10-11 15:42:09,391 - success - INFO - 保存实体文件: 338 个
2025-10-11 15:42:09,428 - success - INFO - graphrag_entities 重建:338条
2025-10-11 15:42:09,428 - RagRouter_控烟_2025-10-11 - INFO - [Pipeline] [3/4] 开始处理关系向量（增量+去重）
2025-10-11 15:42:09,430 - success - INFO - 读取已有关系: 170 个
2025-10-11 15:42:09,432 - success - INFO - 关系去重 - 唯一:301, 去除:3, 过滤:26
2025-10-11 15:42:09,453 - success - INFO - 关系向量 - 新增:131, 复用:170
2025-10-11 15:42:09,453 - RagRouter_控烟_2025-10-11 - INFO - [EmbeddingGenerator] 开始生成 131 个关系向量
2025-10-11 15:42:13,648 - success - INFO - 关系向量生成完成 - 成功:131/131
2025-10-11 15:42:13,653 - success - INFO - 关系入库 - 数量:301, ID:1-301
2025-10-11 15:42:13,661 - success - INFO - 保存关系文件: 301 个
2025-10-11 15:42:13,683 - success - INFO - graphrag_relationships 重建:301条
2025-10-11 15:42:13,684 - RagRouter_控烟_2025-10-11 - INFO - [Pipeline] [4/4] 开始处理文本元数据
2025-10-11 15:42:13,685 - success - INFO - 新批次文本: 18个
2025-10-11 15:42:13,686 - RagRouter_控烟_2025-10-11 - INFO - [EmbeddingGenerator] 开始生成 18 个文本标签向量
2025-10-11 15:42:14,029 - success - INFO - 文本标签向量生成完成 - 成功:18/18
2025-10-11 15:42:14,033 - success - INFO - 新批次文本表: 18条
2025-10-11 15:42:14,041 - success - INFO - graphrag_texts 追加:18条 (总计:30)
2025-10-11 15:42:14,078 - success - INFO - 映射更新完成 - 实体:338, 关系:301, 文档:2
2025-10-11 15:42:14,078 - success - INFO - 向量化处理完成 - 主题:控烟
2025-10-11 15:42:14,107 - success - INFO - 处理总结 - 文本:30, 文档:2, 实体文件:1, 关系文件:1
2025-10-11 15:42:14,107 - success - INFO - 向量库 normalrag: 137 条记录
2025-10-11 15:42:14,108 - success - INFO - 向量库 graphrag_texts: 30 条记录
2025-10-11 15:42:14,108 - success - INFO - 向量库 graphrag_entities: 338 条记录
2025-10-11 15:42:14,108 - success - INFO - 向量库 graphrag_relationships: 301 条记录
2025-10-11 15:42:14,109 - success - INFO - 处理完成 - 主题: 控烟
